Component: ARM Compiler 5.06 update 7 (build 960) Tool: armlink [4d3601]

==============================================================================

Section Cross References

    main.o(i.gas_task) refers to noretval__2printf.o(.text) for __2printf
    main.o(i.gas_task) refers to gas.o(i.Gas_pump_Func) for Gas_pump_Func
    main.o(i.gas_task) refers to taskthread.o(i.TaskThread_CheckIdle) for TaskThread_CheckIdle
    main.o(i.gas_task) refers to gas.o(i.Gas_release_Func) for Gas_release_Func
    main.o(i.gas_task) refers to os_time.o(i.OSTimeDlyHMSM) for OSTimeDlyHMSM
    main.o(i.gas_task) refers to taskthread.o(.data) for TaskThread_State
    main.o(i.gas_task) refers to gas.o(.data) for Gas_State
    main.o(i.main) refers to misc.o(i.NVIC_PriorityGroupConfig) for NVIC_PriorityGroupConfig
    main.o(i.main) refers to delay.o(i.delay_init) for delay_init
    main.o(i.main) refers to gpio.o(i.ALL_GPIO_Init) for ALL_GPIO_Init
    main.o(i.main) refers to usart.o(i.uart_init) for uart_init
    main.o(i.main) refers to usart.o(i.uart2_init) for uart2_init
    main.o(i.main) refers to usart.o(i.MYDMA_Config_Usart2) for MYDMA_Config_Usart2
    main.o(i.main) refers to delay.o(i.delay_ms) for delay_ms
    main.o(i.main) refers to position.o(i.postions_sensor_Init) for postions_sensor_Init
    main.o(i.main) refers to gas.o(i.Gas_Init) for Gas_Init
    main.o(i.main) refers to pwm.o(i.Motor_PWM_Init) for Motor_PWM_Init
    main.o(i.main) refers to malloc.o(i.my_mem_init) for my_mem_init
    main.o(i.main) refers to os_core.o(i.OSInit) for OSInit
    main.o(i.main) refers to os_task.o(i.OSTaskCreate) for OSTaskCreate
    main.o(i.main) refers to os_core.o(i.OSStart) for OSStart
    main.o(i.main) refers to usart.o(.bss) for USART2_RX_BUF
    main.o(i.main) refers to system_stm32f10x.o(.data) for SystemCoreClock
    main.o(i.main) refers to usmart_config.o(.data) for usmart_dev
    main.o(i.main) refers to main.o(.bss) for START_TASK_STK
    main.o(i.main) refers to main.o(i.start_task) for start_task
    main.o(i.main_task) refers to noretval__2printf.o(.text) for __2printf
    main.o(i.main_task) refers to os_time.o(i.OSTimeDlyHMSM) for OSTimeDlyHMSM
    main.o(i.main_task) refers to gas.o(.data) for Gas_State
    main.o(i.main_task) refers to main.o(.data) for delay_20ms
    main.o(i.main_task) refers to usmart_config.o(.data) for usmart_dev
    main.o(i.start_task) refers to os_cpu_a.o(.text) for OS_CPU_SR_Save
    main.o(i.start_task) refers to os_task.o(i.OSTaskCreate) for OSTaskCreate
    main.o(i.start_task) refers to taskthread.o(i.TaskThread_Init) for TaskThread_Init
    main.o(i.start_task) refers to os_task.o(i.OSTaskSuspend) for OSTaskSuspend
    main.o(i.start_task) refers to globalconfig.o(.data) for cpu_sr
    main.o(i.start_task) refers to main.o(.bss) for MAIN_TASK_STK
    main.o(i.start_task) refers to main.o(i.main_task) for main_task
    main.o(i.start_task) refers to main.o(i.gas_task) for gas_task
    main.o(i.start_task) refers to main.o(i.uart_receivetask) for uart_receivetask
    main.o(i.start_task) refers to main.o(i.uart_sendtask) for uart_sendtask
    main.o(i.uart_receivetask) refers to noretval__2printf.o(.text) for __2printf
    main.o(i.uart_receivetask) refers to os_time.o(i.OSTimeDlyHMSM) for OSTimeDlyHMSM
    main.o(i.uart_sendtask) refers to noretval__2printf.o(.text) for __2printf
    main.o(i.uart_sendtask) refers to os_time.o(i.OSTimeDlyHMSM) for OSTimeDlyHMSM
    system_stm32f10x.o(i.SetSysClock) refers to system_stm32f10x.o(i.SetSysClockTo72) for SetSysClockTo72
    system_stm32f10x.o(i.SystemCoreClockUpdate) refers to system_stm32f10x.o(.data) for SystemCoreClock
    system_stm32f10x.o(i.SystemInit) refers to system_stm32f10x.o(i.SetSysClock) for SetSysClock
    globalconfig.o(i.set_carrierVersions_Default) refers to globalconfig.o(.data) for Carrier_Versions_Default
    codeguard.o(i.close_FlashReadProtect) refers to stm32f10x_flash.o(i.FLASH_GetReadOutProtectionStatus) for FLASH_GetReadOutProtectionStatus
    codeguard.o(i.close_FlashReadProtect) refers to stm32f10x_flash.o(i.FLASH_Unlock) for FLASH_Unlock
    codeguard.o(i.close_FlashReadProtect) refers to stm32f10x_flash.o(i.FLASH_ReadOutProtection) for FLASH_ReadOutProtection
    codeguard.o(i.close_FlashReadProtect) refers to stm32f10x_flash.o(i.FLASH_Lock) for FLASH_Lock
    codeguard.o(i.open_FlashReadProtect) refers to stm32f10x_flash.o(i.FLASH_GetReadOutProtectionStatus) for FLASH_GetReadOutProtectionStatus
    codeguard.o(i.open_FlashReadProtect) refers to stm32f10x_flash.o(i.FLASH_Unlock) for FLASH_Unlock
    codeguard.o(i.open_FlashReadProtect) refers to stm32f10x_flash.o(i.FLASH_ReadOutProtection) for FLASH_ReadOutProtection
    codeguard.o(i.open_FlashReadProtect) refers to stm32f10x_flash.o(i.FLASH_Lock) for FLASH_Lock
    codeguard.o(i.setSerialNumber) refers to codeguard.o(i.writeCiphertext) for writeCiphertext
[...]
    __rt_heap_expand$2region                 0x08000687   Thumb Code     2  heapauxi.o(.text)
    __I$use$semihosting                      0x08000689   Thumb Code     0  use_no_semi.o(.text)
    __use_no_semihosting_swi                 0x08000689   Thumb Code     2  use_no_semi.o(.text)
    __read_errno                             0x0800068b   Thumb Code    10  _rserrno.o(.text)
    __set_errno                              0x08000695   Thumb Code    12  _rserrno.o(.text)
    _printf_int_common                       0x080006a1   Thumb Code   178  _printf_intcommon.o(.text)
    _printf_cs_common                        0x08000753   Thumb Code    20  _printf_char.o(.text)
    _printf_char                             0x08000767   Thumb Code    16  _printf_char.o(.text)
    _printf_string                           0x08000777   Thumb Code     8  _printf_char.o(.text)
    _printf_char_file                        0x08000781   Thumb Code    32  _printf_char_file.o(.text)
    __aeabi_errno_addr                       0x080007a5   Thumb Code     8  rt_errno_addr_intlibspace.o(.text)
    __errno$intlibspace                      0x080007a5   Thumb Code     0  rt_errno_addr_intlibspace.o(.text)
    __rt_errno_addr$intlibspace              0x080007a5   Thumb Code     0  rt_errno_addr_intlibspace.o(.text)
    _printf_char_common                      0x080007b7   Thumb Code    32  _printf_char_common.o(.text)
    ferror                                   0x080007dd   Thumb Code     8  ferror.o(.text)
    __user_libspace                          0x080007e5   Thumb Code     8  libspace.o(.text)
    __user_perproc_libspace                  0x080007e5   Thumb Code     0  libspace.o(.text)
    __user_perthread_libspace                0x080007e5   Thumb Code     0  libspace.o(.text)
    __user_setup_stackheap                   0x080007ed   Thumb Code    74  sys_stackheap_outer.o(.text)
    exit                                     0x08000837   Thumb Code    18  exit.o(.text)
    ADC_Cmd                                  0x08000849   Thumb Code    22  stm32f10x_adc.o(i.ADC_Cmd)
    ADC_DeInit                               0x08000861   Thumb Code    78  stm32f10x_adc.o(i.ADC_DeInit)
    ADC_GetCalibrationStatus                 0x080008bd   Thumb Code    20  stm32f10x_adc.o(i.ADC_GetCalibrationStatus)
    ADC_GetConversionValue                   0x080008d1   Thumb Code     8  stm32f10x_adc.o(i.ADC_GetConversionValue)
    ADC_GetFlagStatus                        0x080008d9   Thumb Code    18  stm32f10x_adc.o(i.ADC_GetFlagStatus)
    ADC_GetResetCalibrationStatus            0x080008eb   Thumb Code    20  stm32f10x_adc.o(i.ADC_GetResetCalibrationStatus)
    ADC_Init                                 0x08000901   Thumb Code    70  stm32f10x_adc.o(i.ADC_Init)
    ADC_RegularChannelConfig                 0x08000951   Thumb Code   184  stm32f10x_adc.o(i.ADC_RegularChannelConfig)
    ADC_ResetCalibration                     0x08000a09   Thumb Code    10  stm32f10x_adc.o(i.ADC_ResetCalibration)
    ADC_SoftwareStartConvCmd                 0x08000a13   Thumb Code    22  stm32f10x_adc.o(i.ADC_SoftwareStartConvCmd)
    ADC_StartCalibration                     0x08000a29   Thumb Code    10  stm32f10x_adc.o(i.ADC_StartCalibration)
    ALL_GPIO_Init                            0x08000a33   Thumb Code    24  gpio.o(i.ALL_GPIO_Init)
    BusFault_Handler                         0x08000a4b   Thumb Code     4  stm32f10x_it.o(i.BusFault_Handler)
    DMA1_Channel6_IRQHandler                 0x08000b05   Thumb Code    36  usart.o(i.DMA1_Channel6_IRQHandler)
    DMA_ClearFlag                            0x08000b31   Thumb Code    18  stm32f10x_dma.o(i.DMA_ClearFlag)
    DMA_Cmd                                  0x08000b4d   Thumb Code    24  stm32f10x_dma.o(i.DMA_Cmd)
    DMA_DeInit                               0x08000b65   Thumb Code   324  stm32f10x_dma.o(i.DMA_DeInit)
    DMA_GetFlagStatus                        0x08000cb1   Thumb Code    36  stm32f10x_dma.o(i.DMA_GetFlagStatus)
    DMA_ITConfig                             0x08000cdd   Thumb Code    18  stm32f10x_dma.o(i.DMA_ITConfig)
    DMA_Init                                 0x08000cef   Thumb Code    60  stm32f10x_dma.o(i.DMA_Init)
    DMA_SetCurrDataCounter                   0x08000d2b   Thumb Code     4  stm32f10x_dma.o(i.DMA_SetCurrDataCounter)
    DebugMon_Handler                         0x08000d2f   Thumb Code     2  stm32f10x_it.o(i.DebugMon_Handler)
    EXTI0_IRQHandler                         0x08000d31   Thumb Code    64  position.o(i.EXTI0_IRQHandler)
    EXTI15_10_IRQHandler                     0x08000d89   Thumb Code   264  position.o(i.EXTI15_10_IRQHandler)
    EXTI3_IRQHandler                         0x08000f09   Thumb Code    54  position.o(i.EXTI3_IRQHandler)
    EXTI9_5_IRQHandler                       0x08000f55   Thumb Code   358  position.o(i.EXTI9_5_IRQHandler)
    EXTI_ClearITPendingBit                   0x08001131   Thumb Code     6  stm32f10x_exti.o(i.EXTI_ClearITPendingBit)
    EXTI_GetITStatus                         0x0800113d   Thumb Code    34  stm32f10x_exti.o(i.EXTI_GetITStatus)
    EXTI_Init                                0x08001165   Thumb Code   142  stm32f10x_exti.o(i.EXTI_Init)
    Error_Set                                0x080011f9   Thumb Code     2  taskthread.o(i.Error_Set)
    GC_FinishTask                            0x080013d5   Thumb Code   242  glassclaw_task.o(i.GC_FinishTask)
    GC_ReadyTask                             0x080014d9   Thumb Code   656  glassclaw_task.o(i.GC_ReadyTask)
    GC_RunningTask                           0x080017a1   Thumb Code   422  glassclaw_task.o(i.GC_RunningTask)
    GC_TaskThread                            0x08001955   Thumb Code    82  glassclaw_task.o(i.GC_TaskThread)
    GE_FinishTask                            0x080019b1   Thumb Code   170  glassenter_task.o(i.GE_FinishTask)
    GE_ReadyTask                             0x08001a65   Thumb Code   444  glassenter_task.o(i.GE_ReadyTask)
    GE_RunningTask                           0x08001c45   Thumb Code   340  glassenter_task.o(i.GE_RunningTask)
    GE_TaskThread                            0x08001da1   Thumb Code    82  glassenter_task.o(i.GE_TaskThread)
    GO_FinishTask                            0x08001dfd   Thumb Code   276  glassout_task.o(i.GO_FinishTask)
    GO_ReadyTask                             0x08001f1d   Thumb Code   870  glassout_task.o(i.GO_ReadyTask)
    GO_RunningTask                           0x08002299   Thumb Code   552  glassout_task.o(i.GO_RunningTask)
    GO_TaskThread                            0x080024c9   Thumb Code    80  glassout_task.o(i.GO_TaskThread)
    GPIO_EXTILineConfig                      0x08002521   Thumb Code    60  stm32f10x_gpio.o(i.GPIO_EXTILineConfig)
    GPIO_Init                                0x08002561   Thumb Code   278  stm32f10x_gpio.o(i.GPIO_Init)
    GPIO_PinRemapConfig                      0x08002679   Thumb Code   138  stm32f10x_gpio.o(i.GPIO_PinRemapConfig)
    GPIO_ResetBits                           0x08002709   Thumb Code     4  stm32f10x_gpio.o(i.GPIO_ResetBits)
    GPIO_SetBits                             0x0800270d   Thumb Code     4  stm32f10x_gpio.o(i.GPIO_SetBits)
    GP_FinishTask                            0x08002711   Thumb Code   272  glasspackage_task.o(i.GP_FinishTask)
    GP_ReadyTask                             0x08002831   Thumb Code   730  glasspackage_task.o(i.GP_ReadyTask)
    GP_RunningTask                           0x08002b29   Thumb Code   622  glasspackage_task.o(i.GP_RunningTask)
    GP_TaskThread                            0x08002da9   Thumb Code    82  glasspackage_task.o(i.GP_TaskThread)
    Gas_Init                                 0x08002e05   Thumb Code    64  gas.o(i.Gas_Init)
    Gas_pump_Func                            0x08002e51   Thumb Code    82  gas.o(i.Gas_pump_Func)
    Gas_release_Func                         0x08002eb9   Thumb Code    82  gas.o(i.Gas_release_Func)
    GetStepPeriodArrayOnAcc                  0x08002f1d   Thumb Code   198  motor.o(i.GetStepPeriodArrayOnAcc)
    HardFault_Handler                        0x08002fe9   Thumb Code     4  stm32f10x_it.o(i.HardFault_Handler)
    Heater_Gpio_Init                         0x08002fed   Thumb Code    96  gpio.o(i.Heater_Gpio_Init)
    IIC_Init                                 0x08003059   Thumb Code    70  myiic.o(i.IIC_Init)
    IIC_Send_Byte                            0x080030b1   Thumb Code    88  myiic.o(i.IIC_Send_Byte)
    IIC_Start                                0x08003119   Thumb Code    64  myiic.o(i.IIC_Start)
    IIC_Stop                                 0x08003165   Thumb Code    62  myiic.o(i.IIC_Stop)
    IIC_Wait_Ack                             0x080031b1   Thumb Code    84  myiic.o(i.IIC_Wait_Ack)
    ITV0011_IIC_Enable                       0x08003215   Thumb Code    16  itv0011.o(i.ITV0011_IIC_Enable)
    ITV0011_IIC_Init                         0x08003225   Thumb Code    18  itv0011.o(i.ITV0011_IIC_Init)
    IoInput_GpioInit                         0x08003239   Thumb Code   116  gpio.o(i.IoInput_GpioInit)
    LED_GPIO_Init                            0x080032c1   Thumb Code    46  gpio.o(i.LED_GPIO_Init)
    MYDMA_Config_Usart2                      0x080032f5   Thumb Code   148  usart.o(i.MYDMA_Config_Usart2)
    MYDMA_Enable                             0x08003399   Thumb Code    32  usart.o(i.MYDMA_Enable)
    MemManage_Handler                        0x080033bd   Thumb Code     4  stm32f10x_it.o(i.MemManage_Handler)
    Motor_Dir_GpioInit                       0x080033c1   Thumb Code   162  gpio.o(i.Motor_Dir_GpioInit)
    Motor_PWM_Init                           0x08003479   Thumb Code    40  pwm.o(i.Motor_PWM_Init)
    NMI_Handler                              0x080034a1   Thumb Code     2  stm32f10x_it.o(i.NMI_Handler)
    NVIC_Init                                0x080034a5   Thumb Code   100  misc.o(i.NVIC_Init)
    NVIC_PriorityGroupConfig                 0x08003515   Thumb Code    10  misc.o(i.NVIC_PriorityGroupConfig)
    OSInit                                   0x080035bd   Thumb Code    44  os_core.o(i.OSInit)
    OSInitHookBegin                          0x080035e9   Thumb Code     2  os_cpu_c.o(i.OSInitHookBegin)
    OSInitHookEnd                            0x080035eb   Thumb Code     2  os_cpu_c.o(i.OSInitHookEnd)
    OSIntEnter                               0x080035ed   Thumb Code    28  os_core.o(i.OSIntEnter)
    OSIntExit                                0x08003611   Thumb Code   112  os_core.o(i.OSIntExit)
    OSSchedLock                              0x080036a1   Thumb Code    50  os_core.o(i.OSSchedLock)
    OSSchedUnlock                            0x080036e1   Thumb Code    82  os_core.o(i.OSSchedUnlock)
    OSStart                                  0x08003741   Thumb Code    48  os_core.o(i.OSStart)
    OSTCBInitHook                            0x08003789   Thumb Code     2  os_cpu_c.o(i.OSTCBInitHook)
    OSTaskCreate                             0x0800378d   Thumb Code   148  os_task.o(i.OSTaskCreate)
    OSTaskCreateExt                          0x0800382d   Thumb Code   170  os_task.o(i.OSTaskCreateExt)
    OSTaskCreateHook                         0x080038e5   Thumb Code     2  os_cpu_c.o(i.OSTaskCreateHook)
    OSTaskIdleHook                           0x080038e7   Thumb Code     2  os_cpu_c.o(i.OSTaskIdleHook)
    OSTaskNameSet                            0x080038e9   Thumb Code    98  os_task.o(i.OSTaskNameSet)
    OSTaskStatHook                           0x08003959   Thumb Code     2  os_cpu_c.o(i.OSTaskStatHook)
    OSTaskStkChk                             0x0800395d   Thumb Code   132  os_task.o(i.OSTaskStkChk)
    OSTaskStkInit                            0x080039e9   Thumb Code   154  os_cpu_c.o(i.OSTaskStkInit)
    OSTaskSuspend                            0x08003a85   Thumb Code   152  os_task.o(i.OSTaskSuspend)
    OSTaskSwHook                             0x08003b2d   Thumb Code     2  os_cpu_c.o(i.OSTaskSwHook)
    OSTimeDly                                0x08003b31   Thumb Code   100  os_time.o(i.OSTimeDly)
    OSTimeDlyHMSM                            0x08003ba9   Thumb Code    86  os_time.o(i.OSTimeDlyHMSM)
    OSTimeTick                               0x08003c09   Thumb Code   210  os_core.o(i.OSTimeTick)
    OSTimeTickHook                           0x08003cf5   Thumb Code     2  os_cpu_c.o(i.OSTimeTickHook)
    OS_FlagInit                              0x08003cf9   Thumb Code    74  os_flag.o(i.OS_FlagInit)
    OS_MemClr                                0x08003f5d   Thumb Code    18  os_core.o(i.OS_MemClr)
    OS_QInit                                 0x08003f71   Thumb Code    72  os_q.o(i.OS_QInit)
    OS_Sched                                 0x08003fc1   Thumb Code    88  os_core.o(i.OS_Sched)
    OS_TCBInit                               0x08004061   Thumb Code   278  os_core.o(i.OS_TCBInit)
    OS_TaskIdle                              0x08004195   Thumb Code    34  os_core.o(i.OS_TaskIdle)
    OS_TaskStat                              0x080041bd   Thumb Code   116  os_core.o(i.OS_TaskStat)
    OS_TaskStatStkChk                        0x08004245   Thumb Code    54  os_core.o(i.OS_TaskStatStkChk)
    OS_TaskStkClr                            0x08004281   Thumb Code    26  os_task.o(i.OS_TaskStkClr)
    P6847_adc_GetPressure                    0x0800429d   Thumb Code    82  p6847.o(i.P6847_adc_GetPressure)
    P6847_adc_init                           0x080042fd   Thumb Code     8  p6847.o(i.P6847_adc_init)
    PCF8591_DAC_Output                       0x08004305   Thumb Code    50  pcf8591.o(i.PCF8591_DAC_Output)
    Pause_TaskThread                         0x08004339   Thumb Code    90  taskthread.o(i.Pause_TaskThread)
    RCC_ADCCLKConfig                         0x080043c5   Thumb Code    18  stm32f10x_rcc.o(i.RCC_ADCCLKConfig)
    RCC_AHBPeriphClockCmd                    0x080043dd   Thumb Code    26  stm32f10x_rcc.o(i.RCC_AHBPeriphClockCmd)
    RCC_APB1PeriphClockCmd                   0x080043fd   Thumb Code    26  stm32f10x_rcc.o(i.RCC_APB1PeriphClockCmd)
    RCC_APB2PeriphClockCmd                   0x0800441d   Thumb Code    26  stm32f10x_rcc.o(i.RCC_APB2PeriphClockCmd)
    RCC_APB2PeriphResetCmd                   0x0800443d   Thumb Code    26  stm32f10x_rcc.o(i.RCC_APB2PeriphResetCmd)
    RCC_GetClocksFreq                        0x0800445d   Thumb Code   192  stm32f10x_rcc.o(i.RCC_GetClocksFreq)
    RELAY_GPIO_Init                          0x08004531   Thumb Code    62  gpio.o(i.RELAY_GPIO_Init)
    RTC_ClearITPendingBit                    0x0800457d   Thumb Code    12  stm32f10x_rtc.o(i.RTC_ClearITPendingBit)
    RTC_GetITStatus                          0x0800458d   Thumb Code    32  stm32f10x_rtc.o(i.RTC_GetITStatus)
    RTC_IRQHandler                           0x080045b1   Thumb Code    40  rtc.o(i.RTC_IRQHandler)
    RTC_WaitForLastTask                      0x080045d9   Thumb Code    16  stm32f10x_rtc.o(i.RTC_WaitForLastTask)
    RingBuffer_Malloc                        0x0800463d   Thumb Code    88  ringbuffer.o(i.RingBuffer_Malloc)
    SVC_Handler                              0x08004695   Thumb Code     2  stm32f10x_it.o(i.SVC_Handler)
    SysTick_CLKSourceConfig                  0x08004799   Thumb Code    40  misc.o(i.SysTick_CLKSourceConfig)
    SysTick_Handler                          0x080047c1   Thumb Code    24  delay.o(i.SysTick_Handler)
    SystemInit                               0x080047dd   Thumb Code    78  system_stm32f10x.o(i.SystemInit)
    TIM1_PWM_Init                            0x0800483d   Thumb Code   232  pwm.o(i.TIM1_PWM_Init)
    TIM1_UP_IRQHandler                       0x08004939   Thumb Code   318  pwm.o(i.TIM1_UP_IRQHandler)
    TIM2_IRQHandler                          0x08004a81   Thumb Code   372  pwm.o(i.TIM2_IRQHandler)
    TIM2_PWM_Init                            0x08004bfd   Thumb Code   216  pwm.o(i.TIM2_PWM_Init)
    TIM3_IRQHandler                          0x08004ce9   Thumb Code   374  pwm.o(i.TIM3_IRQHandler)
    TIM3_PWM_Init                            0x08004e71   Thumb Code   178  pwm.o(i.TIM3_PWM_Init)
    TIM4_IRQHandler                          0x08004f35   Thumb Code   392  pwm.o(i.TIM4_IRQHandler)
    TIM4_PWM_Init                            0x080050d1   Thumb Code   178  pwm.o(i.TIM4_PWM_Init)
    TIM5_IRQHandler                          0x08005195   Thumb Code   352  pwm.o(i.TIM5_IRQHandler)
    TIM5_PWM_Init                            0x08005301   Thumb Code   178  pwm.o(i.TIM5_PWM_Init)
    TIM6_IRQHandler                          0x080053c5   Thumb Code    60  taskthread.o(i.TIM6_IRQHandler)
    TIM7_IRQHandler                          0x0800540d   Thumb Code    50  rtc.o(i.TIM7_IRQHandler)
    TIM8_PWM_Init                            0x0800544d   Thumb Code   222  pwm.o(i.TIM8_PWM_Init)
    TIM8_UP_IRQHandler                       0x0800553d   Thumb Code   304  pwm.o(i.TIM8_UP_IRQHandler)
    TIM_ARRPreloadConfig                     0x08005675   Thumb Code    24  stm32f10x_tim.o(i.TIM_ARRPreloadConfig)
    TIM_ClearFlag                            0x0800568d   Thumb Code     6  stm32f10x_tim.o(i.TIM_ClearFlag)
    TIM_ClearITPendingBit                    0x08005693   Thumb Code     6  stm32f10x_tim.o(i.TIM_ClearITPendingBit)
    TIM_Cmd                                  0x08005699   Thumb Code    24  stm32f10x_tim.o(i.TIM_Cmd)
    TIM_CtrlPWMOutputs                       0x080056b1   Thumb Code    30  stm32f10x_tim.o(i.TIM_CtrlPWMOutputs)
    TIM_GetITStatus                          0x080056cf   Thumb Code    34  stm32f10x_tim.o(i.TIM_GetITStatus)
    TIM_ITConfig                             0x080056f1   Thumb Code    18  stm32f10x_tim.o(i.TIM_ITConfig)
    TIM_OC1Init                              0x08005705   Thumb Code   132  stm32f10x_tim.o(i.TIM_OC1Init)
    TIM_OC1PreloadConfig                     0x0800579d   Thumb Code    18  stm32f10x_tim.o(i.TIM_OC1PreloadConfig)
    TIM_SetAutoreload                        0x080057af   Thumb Code     4  stm32f10x_tim.o(i.TIM_SetAutoreload)
    TIM_SetCompare1                          0x080057b3   Thumb Code     4  stm32f10x_tim.o(i.TIM_SetCompare1)
    TIM_TimeBaseInit                         0x080057b9   Thumb Code   122  stm32f10x_tim.o(i.TIM_TimeBaseInit)
    TaskThread_CheckIdle                     0x0800585d   Thumb Code    68  taskthread.o(i.TaskThread_CheckIdle)
    TaskThread_Init                          0x080058b1   Thumb Code    98  taskthread.o(i.TaskThread_Init)
    USART1_IRQHandler                        0x0800592d   Thumb Code   130  usart.o(i.USART1_IRQHandler)
    USART_Cmd                                0x080059bd   Thumb Code    24  stm32f10x_usart.o(i.USART_Cmd)
    USART_DMACmd                             0x080059d5   Thumb Code    18  stm32f10x_usart.o(i.USART_DMACmd)
    USART_GetITStatus                        0x080059e7   Thumb Code    84  stm32f10x_usart.o(i.USART_GetITStatus)
    USART_ITConfig                           0x08005a3b   Thumb Code    74  stm32f10x_usart.o(i.USART_ITConfig)
    USART_Init                               0x08005a85   Thumb Code   210  stm32f10x_usart.o(i.USART_Init)
    USART_ReceiveData                        0x08005b5d   Thumb Code    10  stm32f10x_usart.o(i.USART_ReceiveData)
    UsageFault_Handler                       0x08005b67   Thumb Code     4  stm32f10x_it.o(i.UsageFault_Handler)
    __ARM_fpclassifyf                        0x08005b6b   Thumb Code    38  fpclassifyf.o(i.__ARM_fpclassifyf)
    __mathlib_flt_infnan                     0x08005b91   Thumb Code     6  funder.o(i.__mathlib_flt_infnan)
    __mathlib_flt_overflow                   0x08005b97   Thumb Code    10  funder.o(i.__mathlib_flt_overflow)
    __mathlib_flt_underflow                  0x08005ba1   Thumb Code    10  funder.o(i.__mathlib_flt_underflow)
    _is_digit                                0x08005bab   Thumb Code    14  __printf_wp.o(i._is_digit)
    _sys_exit                                0x08005bb9   Thumb Code     4  usart.o(i._sys_exit)
    adc2_getvalue                            0x08005bbd   Thumb Code    44  adc.o(i.adc2_getvalue)
    adc2_init                                0x08005bed   Thumb Code   138  adc.o(i.adc2_init)
    boost_device_test                        0x08005c81   Thumb Code     8  usmart_config.o(i.boost_device_test)
    boost_test                               0x08005c8d   Thumb Code   124  usmart_config.o(i.boost_test)
    close_device                             0x08005d41   Thumb Code    14  usmart_config.o(i.close_device)
    debug_test                               0x08005d55   Thumb Code    78  usmart_config.o(i.debug_test)
    delay_init                               0x08005db5   Thumb Code    76  delay.o(i.delay_init)
    delay_ms                                 0x08005e11   Thumb Code    66  delay.o(i.delay_ms)
    delay_osschedlock                        0x08005e61   Thumb Code     8  delay.o(i.delay_osschedlock)
    delay_osschedunlock                      0x08005e69   Thumb Code     8  delay.o(i.delay_osschedunlock)
    delay_ostimedly                          0x08005e71   Thumb Code    12  delay.o(i.delay_ostimedly)
    delay_us                                 0x08005e7d   Thumb Code    86  delay.o(i.delay_us)
    __mathlib_expf                           0x08005ed9   Thumb Code     0  expf.o(i.expf)
    expf                                     0x08005ed9   Thumb Code   322  expf.o(i.expf)
    fputc                                    0x08006049   Thumb Code    24  usart.o(i.fputc)
    gas_task                                 0x08006065   Thumb Code    62  main.o(i.gas_task)
    gpio_test                                0x080060bd   Thumb Code   116  usmart_config.o(i.gpio_test)
    main                                     0x08006151   Thumb Code   134  main.o(i.main)
    main_task                                0x080061f9   Thumb Code    72  main.o(i.main_task)
    motorAccGO_Debug                         0x08006259   Thumb Code    32  motor.o(i.motorAccGO_Debug)
    motorGO_Debug                            0x08006279   Thumb Code    68  motor.o(i.motorGO_Debug)
    motorGo                                  0x080062bd   Thumb Code   192  motor.o(i.motorGo)
    motorGo_acc                              0x08006381   Thumb Code   176  motor.o(i.motorGo_acc)
    motor_Get_Start_Sen                      0x08006435   Thumb Code    86  motor.o(i.motor_Get_Start_Sen)
    motor_Set_Direction                      0x08006495   Thumb Code    92  motor.o(i.motor_Set_Direction)
    motor_test                               0x080064fd   Thumb Code   238  usmart_config.o(i.motor_test)
    motoracc_test                            0x08006605   Thumb Code    70  usmart_config.o(i.motoracc_test)
    my_delay_ms                              0x08006651   Thumb Code    30  mydelay.o(i.my_delay_ms)
    my_delay_us                              0x0800666f   Thumb Code    28  mydelay.o(i.my_delay_us)
    my_mem_free                              0x0800668d   Thumb Code    96  malloc.o(i.my_mem_free)
    my_mem_init                              0x080066f9   Thumb Code    54  malloc.o(i.my_mem_init)
    my_mem_malloc                            0x0800673d   Thumb Code   156  malloc.o(i.my_mem_malloc)
    my_mem_perused                           0x080067e5   Thumb Code    54  malloc.o(i.my_mem_perused)
    myfree                                   0x08006825   Thumb Code    30  malloc.o(i.myfree)
    mymalloc                                 0x08006849   Thumb Code    34  malloc.o(i.mymalloc)
    mymemset                                 0x08006871   Thumb Code    20  malloc.o(i.mymemset)
    postions_sensor_Init                     0x08006885   Thumb Code   128  position.o(i.postions_sensor_Init)
    setMixtureData                           0x08006925   Thumb Code   150  motor.o(i.setMixtureData)
    start_task                               0x080069ed   Thumb Code    82  main.o(i.start_task)
    stepperMotorStart                        0x08006a65   Thumb Code   140  motor.o(i.stepperMotorStart)
    stepperMotorStop                         0x08006af5   Thumb Code    30  motor.o(i.stepperMotorStop)
    thread_test                              0x08006b19   Thumb Code    48  usmart_config.o(i.thread_test)
    uart2_init                               0x08006b55   Thumb Code   128  usart.o(i.uart2_init)
    uart_init                                0x08006be1   Thumb Code   152  usart.o(i.uart_init)
    uart_receivetask                         0x08006c81   Thumb Code    24  main.o(i.uart_receivetask)
    uart_sendtask                            0x08006cad   Thumb Code    22  main.o(i.uart_sendtask)
    usmart_cmd_rec                           0x08006cd9   Thumb Code   170  usmart.o(i.usmart_cmd_rec)
    usmart_exe                               0x08006d89   Thumb Code   624  usmart.o(i.usmart_exe)
    usmart_get_aparm                         0x08007055   Thumb Code   200  usmart_str.o(i.usmart_get_aparm)
    usmart_get_cmdname                       0x0800711d   Thumb Code    54  usmart_str.o(i.usmart_get_cmdname)
    usmart_get_fname                         0x08007155   Thumb Code   440  usmart_str.o(i.usmart_get_fname)
    usmart_get_fparam                        0x08007315   Thumb Code   262  usmart_str.o(i.usmart_get_fparam)
    usmart_get_parmpos                       0x08007421   Thumb Code    26  usmart_str.o(i.usmart_get_parmpos)
    usmart_init                              0x08007441   Thumb Code     8  usmart.o(i.usmart_init)
    usmart_pow                               0x0800744d   Thumb Code    22  usmart_str.o(i.usmart_pow)
    usmart_scan                              0x08007465   Thumb Code   120  usmart.o(i.usmart_scan)
    usmart_search_nextc                      0x08007521   Thumb Code    22  usmart_str.o(i.usmart_search_nextc)
    usmart_str2num                           0x08007537   Thumb Code   202  usmart_str.o(i.usmart_str2num)
    usmart_strcmp                            0x08007601   Thumb Code    34  usmart_str.o(i.usmart_strcmp)
    usmart_strcopy                           0x08007623   Thumb Code    22  usmart_str.o(i.usmart_strcopy)
    usmart_strlen                            0x08007639   Thumb Code    24  usmart_str.o(i.usmart_strlen)
    usmart_sys_cmd_exe                       0x08007651   Thumb Code  1530  usmart.o(i.usmart_sys_cmd_exe)
    __aeabi_d2f                              0x08007ce9   Thumb Code     0  d2f.o(x$fpl$d2f)
    _d2f                                     0x08007ce9   Thumb Code    98  d2f.o(x$fpl$d2f)
    __aeabi_ddiv                             0x08007d4d   Thumb Code     0  ddiv.o(x$fpl$ddiv)
    _ddiv                                    0x08007d4d   Thumb Code   552  ddiv.o(x$fpl$ddiv)
    __aeabi_i2d                              0x08007ffd   Thumb Code     0  dflt_clz.o(x$fpl$dflt)
    _dflt                                    0x08007ffd   Thumb Code    46  dflt_clz.o(x$fpl$dflt)
    __aeabi_dmul                             0x0800802d   Thumb Code     0  dmul.o(x$fpl$dmul)
    _dmul                                    0x0800802d   Thumb Code   332  dmul.o(x$fpl$dmul)
    __fpl_dnaninf                            0x08008181   Thumb Code   156  dnaninf.o(x$fpl$dnaninf)
    __fpl_dretinf                            0x0800821d   Thumb Code    12  dretinf.o(x$fpl$dretinf)
    __aeabi_f2d                              0x08008229   Thumb Code     0  f2d.o(x$fpl$f2d)
    _f2d                                     0x08008229   Thumb Code    86  f2d.o(x$fpl$f2d)
    __aeabi_fadd                             0x08008281   Thumb Code     0  faddsub_clz.o(x$fpl$fadd)
    _fadd                                    0x08008281   Thumb Code   196  faddsub_clz.o(x$fpl$fadd)
    __fpl_fcheck_NaN1                        0x08008345   Thumb Code     6  fcheck1.o(x$fpl$fcheck1)
    __fpl_fcmp_Inf                           0x08008351   Thumb Code    24  fcmpi.o(x$fpl$fcmpinf)
    __aeabi_fdiv                             0x08008369   Thumb Code     0  fdiv.o(x$fpl$fdiv)
    _fdiv                                    0x08008369   Thumb Code   384  fdiv.o(x$fpl$fdiv)
    __aeabi_f2iz                             0x080084ed   Thumb Code     0  ffix.o(x$fpl$ffix)
    _ffix                                    0x080084ed   Thumb Code    54  ffix.o(x$fpl$ffix)
    __aeabi_f2uiz                            0x08008525   Thumb Code     0  ffixu.o(x$fpl$ffixu)
    _ffixu                                   0x08008525   Thumb Code    62  ffixu.o(x$fpl$ffixu)
    __aeabi_i2f                              0x08008565   Thumb Code     0  fflt_clz.o(x$fpl$fflt)
    _fflt                                    0x08008565   Thumb Code    48  fflt_clz.o(x$fpl$fflt)
    __aeabi_ui2f                             0x08008595   Thumb Code     0  fflt_clz.o(x$fpl$ffltu)
    _ffltu                                   0x08008595   Thumb Code    38  fflt_clz.o(x$fpl$ffltu)
    __aeabi_cfcmple                          0x080085bd   Thumb Code     0  fleqf.o(x$fpl$fleqf)
    _fcmple                                  0x080085bd   Thumb Code   104  fleqf.o(x$fpl$fleqf)
    __fpl_fcmple_InfNaN                      0x0800860f   Thumb Code     0  fleqf.o(x$fpl$fleqf)
    __aeabi_fmul                             0x08008625   Thumb Code     0  fmul.o(x$fpl$fmul)
    _fmul                                    0x08008625   Thumb Code   258  fmul.o(x$fpl$fmul)
    __fpl_fnaninf                            0x08008727   Thumb Code   140  fnaninf.o(x$fpl$fnaninf)
    __fpl_fretinf                            0x080087b3   Thumb Code    10  fretinf.o(x$fpl$fretinf)
    __aeabi_cfrcmple                         0x080087bd   Thumb Code     0  frleqf.o(x$fpl$frleqf)
    _frcmple                                 0x080087bd   Thumb Code    98  frleqf.o(x$fpl$frleqf)
    _frnd                                    0x08008821   Thumb Code    96  frnd.o(x$fpl$frnd)
    __aeabi_frsub                            0x08008881   Thumb Code     0  faddsub_clz.o(x$fpl$frsb)
    _frsb                                    0x08008881   Thumb Code    20  faddsub_clz.o(x$fpl$frsb)
    __aeabi_fsub                             0x08008895   Thumb Code     0  faddsub_clz.o(x$fpl$fsub)
    _fsub                                    0x08008895   Thumb Code   234  faddsub_clz.o(x$fpl$fsub)
    __fpl_return_NaN                         0x0800897f   Thumb Code   100  retnan.o(x$fpl$retnan)
    __ARM_scalbnf                            0x080089e3   Thumb Code    76  scalbnf.o(x$fpl$scalbnf)
    __fpl_cmpreturn                          0x08008a2f   Thumb Code    48  trapv.o(x$fpl$trapveneer)
    __I$use$fp                               0x08008a5e   Number         0  usenofp.o(x$fpl$usenofp)
    memtblsize                               0x08008a60   Data           8  malloc.o(.constdata)
    memblksize                               0x08008a68   Data           8  malloc.o(.constdata)
    memsize                                  0x08008a70   Data           8  malloc.o(.constdata)
    OSUnMapTbl                               0x08008a78   Data         256  os_core.o(.constdata)
    Region$$Table$$Base                      0x08008dd0   Number         0  anon$$obj.o(Region$$Table)
    Region$$Table$$Limit                     0x08008df0   Number         0  anon$$obj.o(Region$$Table)
    SystemCoreClock                          0x20000004   Data           4  system_stm32f10x.o(.data)
    AHBPrescTable                            0x20000008   Data          16  system_stm32f10x.o(.data)
    cpu_sr                                   0x20000018   Data           4  globalconfig.o(.data)
    sensor_error_idx                         0x2000001c   Data           4  globalconfig.o(.data)
    nowRtcTime                               0x20000020   Data           4  globalconfig.o(.data)
    deviceSnNumber                           0x20000024   Data           4  globalconfig.o(.data)
    DeviceType                               0x20000028   Data           1  globalconfig.o(.data)
    debug_flag                               0x2000002a   Data           1  globalconfig.o(.data)
    GE_motor_struct                          0x2000002c   Data          64  motor.o(.data)
    GC_rot_motor_struct                      0x2000006c   Data          64  motor.o(.data)
    GC_ver_motor_struct                      0x200000ac   Data          64  motor.o(.data)
    GP_motor_struct                          0x200000ec   Data          64  motor.o(.data)
    GO_hor_motor_struct                      0x2000012c   Data          64  motor.o(.data)
    GO_ver_motor_struct                      0x2000016c   Data          64  motor.o(.data)
    Gas_State                                0x200001ac   Data           1  gas.o(.data)
    DMA1_MEM_LEN                             0x200001b8   Data           2  usart.o(.data)
    serial2_BufferLength                     0x200001ba   Data           1  usart.o(.data)
    screenUart_RecvCompleteBufLength         0x200001bb   Data           1  usart.o(.data)
    screenUart_lastRecvIndex                 0x200001bc   Data           1  usart.o(.data)
    screenUart_RecvCompleteFlag              0x200001bd   Data           1  usart.o(.data)
    RingBuf_Send                             0x200001c0   Data           4  usart.o(.data)
    __stdout                                 0x200001c4   Data           4  usart.o(.data)
    USART_RX_STA                             0x200001c8   Data           2  usart.o(.data)
    mallco_dev                               0x200001d0   Data          28  malloc.o(.data)
    OSCtxSwCtr                               0x20000200   Data           4  os_core.o(.data)
    OSEventFreeList                          0x20000204   Data           4  os_core.o(.data)
    OSFlagFreeList                           0x20000208   Data           4  os_core.o(.data)
    OSCPUUsage                               0x2000020c   Data           1  os_core.o(.data)
    OSIdleCtrMax                             0x20000210   Data           4  os_core.o(.data)
    OSIdleCtrRun                             0x20000214   Data           4  os_core.o(.data)
    OSStatRdy                                0x20000218   Data           1  os_core.o(.data)
    OSIntNesting                             0x20000219   Data           1  os_core.o(.data)
    OSLockNesting                            0x2000021a   Data           1  os_core.o(.data)
    OSPrioCur                                0x2000021b   Data           1  os_core.o(.data)
    OSPrioHighRdy                            0x2000021c   Data           1  os_core.o(.data)
    OSRdyGrp                                 0x2000021d   Data           1  os_core.o(.data)
    OSRdyTbl                                 0x2000021e   Data           8  os_core.o(.data)
    OSRunning                                0x20000226   Data           1  os_core.o(.data)
    OSTaskCtr                                0x20000227   Data           1  os_core.o(.data)
    OSIdleCtr                                0x20000228   Data           4  os_core.o(.data)
    OSTCBCur                                 0x2000022c   Data           4  os_core.o(.data)
    OSTCBFreeList                            0x20000230   Data           4  os_core.o(.data)
    OSTCBHighRdy                             0x20000234   Data           4  os_core.o(.data)
    OSTCBList                                0x20000238   Data           4  os_core.o(.data)
    OSTickStepState                          0x2000023c   Data           1  os_core.o(.data)
    OSQFreeList                              0x20000240   Data           4  os_core.o(.data)
    OSTime                                   0x20000244   Data           4  os_core.o(.data)
    sys_cmd_tab                              0x20000248   Data          28  usmart.o(.data)
    usmart_nametab                           0x20000264   Data          88  usmart_config.o(.data)
    usmart_dev                               0x200002bc   Data         244  usmart_config.o(.data)
    GE                                       0x200003b0   Data          28  taskthread.o(.data)
    GC                                       0x200003cc   Data          28  taskthread.o(.data)
    GP                                       0x200003e8   Data          40  taskthread.o(.data)
    GO                                       0x20000410   Data          44  taskthread.o(.data)
    TaskThread_State                         0x2000043c   Data           1  taskthread.o(.data)
    OldTaskThread_State                      0x2000043d   Data           1  taskthread.o(.data)
    error_type                               0x2000043e   Data           1  taskthread.o(.data)
    sensor_filter                            0x20000440   Data           4  taskthread.o(.data)
    START_TASK_STK                           0x20000444   Data         256  main.o(.bss)
    MAIN_TASK_STK                            0x20000544   Data         256  main.o(.bss)
    GAS_TASK_STK                             0x20000644   Data         256  main.o(.bss)
    UART_RECEIVE_TASK_STK                    0x20000744   Data         256  main.o(.bss)
    UART_SEND_TASK_STK                       0x20000844   Data         256  main.o(.bss)
    DMA_InitStructure                        0x20000944   Data          44  usart.o(.bss)
    USART2_RX_BUF                            0x20000970   Data         250  usart.o(.bss)
    serial2_Buffer                           0x20000a6a   Data         250  usart.o(.bss)
    screenUart_RecvCompleteBuf               0x20000b64   Data         100  usart.o(.bss)
    USART_RX_BUF                             0x20000bc8   Data         200  usart.o(.bss)
    mem1base                                 0x20000ca0   Data       44032  malloc.o(.bss)
    mem1mapbase                              0x2000b8a0   Data        2752  malloc.o(.bss)
    OSEventTbl                               0x2000c360   Data         200  os_core.o(.bss)
    OSFlagTbl                                0x2000c428   Data          80  os_core.o(.bss)
    OSTaskStatStk                            0x2000c478   Data         512  os_core.o(.bss)
    OSTaskIdleStk                            0x2000c678   Data         512  os_core.o(.bss)
    OSTCBPrioTbl                             0x2000c878   Data         256  os_core.o(.bss)
    OSTCBTbl                                 0x2000c978   Data        1008  os_core.o(.bss)
    OSQTbl                                   0x2000cd68   Data         120  os_core.o(.bss)
    __libspace_start                         0x2000cde0   Data          96  libspace.o(.bss)
    __temporary_stack_top$libspace           0x2000ce40   Data           0  libspace.o(.bss)
    mem2base                                 0x68000000   Data       983040  malloc.o(.ARM.__AT_0x68000000)
    mem2mapbase                              0x680f0000   Data       61440  malloc.o(.ARM.__AT_0x680F0000)



==============================================================================

Memory Map of the image

  Image Entry point : 0x0800022d

  Load Region LR_1 (Base: 0x08000000, Size: 0x00009234, Max: 0xffffffff, ABSOLUTE, COMPRESSED[0x00008f68])

    Execution Region ER_RO (Exec base: 0x08000000, Load base: 0x08000000, Size: 0x00008df0, Max: 0xffffffff, ABSOLUTE)

    Exec Addr    Load Addr    Size         Type   Attr      Idx    E Section Name        Object

    0x08000000   0x08000000   0x00000130   Data   RO         1501    RESET               startup_stm32f10x_hd.o
    0x08000130   0x08000130   0x00000008   Code   RO         5823  * !!!main             c_w.l(__main.o)
    0x08000138   0x08000138   0x00000034   Code   RO         6111    !!!scatter          c_w.l(__scatter.o)
    0x0800016c   0x0800016c   0x0000005a   Code   RO         6109    !!dczerorl2         c_w.l(__dczerorl2.o)
    0x080001c6   0x080001c6   0x00000002   PAD
    0x080001c8   0x080001c8   0x0000001c   Code   RO         6113    !!handler_zi        c_w.l(__scatter_zi.o)
    0x080001e4   0x080001e4   0x00000000   Code   RO         5814    .ARM.Collect$$_printf_percent$$00000000  c_w.l(_printf_percent.o)
    0x080001e4   0x080001e4   0x00000006   Code   RO         5812    .ARM.Collect$$_printf_percent$$00000009  c_w.l(_printf_d.o)
    0x080001ea   0x080001ea   0x00000006   Code   RO         5813    .ARM.Collect$$_printf_percent$$0000000A  c_w.l(_printf_u.o)
    0x080001f0   0x080001f0   0x00000006   Code   RO         5811    .ARM.Collect$$_printf_percent$$0000000C  c_w.l(_printf_x.o)
    0x080001f6   0x080001f6   0x00000006   Code   RO         5809    .ARM.Collect$$_printf_percent$$00000013  c_w.l(_printf_c.o)
    0x080001fc   0x080001fc   0x00000006   Code   RO         5810    .ARM.Collect$$_printf_percent$$00000014  c_w.l(_printf_s.o)
    0x08000202   0x08000202   0x00000004   Code   RO         5898    .ARM.Collect$$_printf_percent$$00000017  c_w.l(_printf_percent_end.o)
    0x08000206   0x08000206   0x00000002   Code   RO         5980    .ARM.Collect$$libinit$$00000000  c_w.l(libinit.o)
    0x08000208   0x08000208   0x00000000   Code   RO         5986    .ARM.Collect$$libinit$$00000002  c_w.l(libinit2.o)
    0x08000208   0x08000208   0x00000000   Code   RO         5988    .ARM.Collect$$libinit$$00000004  c_w.l(libinit2.o)
    0x08000208   0x08000208   0x00000000   Code   RO         5991    .ARM.Collect$$libinit$$0000000A  c_w.l(libinit2.o)
    0x08000208   0x08000208   0x00000000   Code   RO         5993    .ARM.Collect$$libinit$$0000000C  c_w.l(libinit2.o)
    0x08000208   0x08000208   0x00000000   Code   RO         5995    .ARM.Collect$$libinit$$0000000E  c_w.l(libinit2.o)
    0x08000208   0x08000208   0x00000000   Code   RO         5998    .ARM.Collect$$libinit$$00000011  c_w.l(libinit2.o)
    0x08000208   0x08000208   0x00000000   Code   RO         6000    .ARM.Collect$$libinit$$00000013  c_w.l(libinit2.o)
    0x08000208   0x08000208   0x00000000   Code   RO         6002    .ARM.Collect$$libinit$$00000015  c_w.l(libinit2.o)
    0x08000208   0x08000208   0x00000000   Code   RO         6004    .ARM.Collect$$libinit$$00000017  c_w.l(libinit2.o)
    0x08000208   0x08000208   0x00000000   Code   RO         6006    .ARM.Collect$$libinit$$00000019  c_w.l(libinit2.o)
    0x08000208   0x08000208   0x00000000   Code   RO         6008    .ARM.Collect$$libinit$$0000001B  c_w.l(libinit2.o)
    0x08000208   0x08000208   0x00000000   Code   RO         6010    .ARM.Collect$$libinit$$0000001D  c_w.l(libinit2.o)
    0x08000208   0x08000208   0x00000000   Code   RO         6012    .ARM.Collect$$libinit$$0000001F  c_w.l(libinit2.o)
    0x08000208   0x08000208   0x00000000   Code   RO         6014    .ARM.Collect$$libinit$$00000021  c_w.l(libinit2.o)
    0x08000208   0x08000208   0x00000000   Code   RO         6016    .ARM.Collect$$libinit$$00000023  c_w.l(libinit2.o)
    0x08000208   0x08000208   0x00000000   Code   RO         6018    .ARM.Collect$$libinit$$00000025  c_w.l(libinit2.o)
    0x08000208   0x08000208   0x00000000   Code   RO         6022    .ARM.Collect$$libinit$$0000002C  c_w.l(libinit2.o)
    0x08000208   0x08000208   0x00000000   Code   RO         6024    .ARM.Collect$$libinit$$0000002E  c_w.l(libinit2.o)
    0x08000208   0x08000208   0x00000000   Code   RO         6026    .ARM.Collect$$libinit$$00000030  c_w.l(libinit2.o)
    0x08000208   0x08000208   0x00000000   Code   RO         6028    .ARM.Collect$$libinit$$00000032  c_w.l(libinit2.o)
    0x08000208   0x08000208   0x00000002   Code   RO         6029    .ARM.Collect$$libinit$$00000033  c_w.l(libinit2.o)
    0x0800020a   0x0800020a   0x00000002   Code   RO         6049    .ARM.Collect$$libshutdown$$00000000  c_w.l(libshutdown.o)
    0x0800020c   0x0800020c   0x00000000   Code   RO         6059    .ARM.Collect$$libshutdown$$00000002  c_w.l(libshutdown2.o)
    0x0800020c   0x0800020c   0x00000000   Code   RO         6061    .ARM.Collect$$libshutdown$$00000004  c_w.l(libshutdown2.o)
    0x0800020c   0x0800020c   0x00000000   Code   RO         6063    .ARM.Collect$$libshutdown$$00000006  c_w.l(libshutdown2.o)
    0x0800020c   0x0800020c   0x00000000   Code   RO         6066    .ARM.Collect$$libshutdown$$00000009  c_w.l(libshutdown2.o)
    0x0800020c   0x0800020c   0x00000000   Code   RO         6069    .ARM.Collect$$libshutdown$$0000000C  c_w.l(libshutdown2.o)
    0x0800020c   0x0800020c   0x00000000   Code   RO         6071    .ARM.Collect$$libshutdown$$0000000E  c_w.l(libshutdown2.o)
    0x0800020c   0x0800020c   0x00000000   Code   RO         6074    .ARM.Collect$$libshutdown$$00000011  c_w.l(libshutdown2.o)
    0x0800020c   0x0800020c   0x00000002   Code   RO         6075    .ARM.Collect$$libshutdown$$00000012  c_w.l(libshutdown2.o)
    0x0800020e   0x0800020e   0x00000000   Code   RO         5889    .ARM.Collect$$rtentry$$00000000  c_w.l(__rtentry.o)
    0x0800020e   0x0800020e   0x00000000   Code   RO         5939    .ARM.Collect$$rtentry$$00000002  c_w.l(__rtentry2.o)
    0x0800020e   0x0800020e   0x00000006   Code   RO         5951    .ARM.Collect$$rtentry$$00000004  c_w.l(__rtentry4.o)
    0x08000214   0x08000214   0x00000000   Code   RO         5941    .ARM.Collect$$rtentry$$00000009  c_w.l(__rtentry2.o)
    0x08000214   0x08000214   0x00000004   Code   RO         5942    .ARM.Collect$$rtentry$$0000000A  c_w.l(__rtentry2.o)
    0x08000218   0x08000218   0x00000000   Code   RO         5944    .ARM.Collect$$rtentry$$0000000C  c_w.l(__rtentry2.o)
    0x08000218   0x08000218   0x00000008   Code   RO         5945    .ARM.Collect$$rtentry$$0000000D  c_w.l(__rtentry2.o)
    0x08000220   0x08000220   0x00000002   Code   RO         5983    .ARM.Collect$$rtexit$$00000000  c_w.l(rtexit.o)
    0x08000222   0x08000222   0x00000000   Code   RO         6033    .ARM.Collect$$rtexit$$00000002  c_w.l(rtexit2.o)
    0x08000222   0x08000222   0x00000004   Code   RO         6034    .ARM.Collect$$rtexit$$00000003  c_w.l(rtexit2.o)
    0x08000226   0x08000226   0x00000006   Code   RO         6035    .ARM.Collect$$rtexit$$00000004  c_w.l(rtexit2.o)
    0x0800022c   0x0800022c   0x00000040   Code   RO         1502  * .text               startup_stm32f10x_hd.o
    0x0800026c   0x0800026c   0x000000b4   Code   RO         5107    .text               os_cpu_a.o
    0x08000320   0x08000320   0x00000002   Code   RO         5754    .text               c_w.l(use_no_semi_2.o)
    0x08000322   0x08000322   0x00000002   PAD
    0x08000324   0x08000324   0x00000018   Code   RO         5758    .text               c_w.l(noretval__2printf.o)
    0x0800033c   0x0800033c   0x0000004e   Code   RO         5762    .text               c_w.l(_printf_pad.o)
    0x0800038a   0x0800038a   0x00000052   Code   RO         5764    .text               c_w.l(_printf_str.o)
    0x080003dc   0x080003dc   0x00000078   Code   RO         5766    .text               c_w.l(_printf_dec.o)
    0x08000454   0x08000454   0x00000058   Code   RO         5771    .text               c_w.l(_printf_hex_int.o)
    0x080004ac   0x080004ac   0x00000188   Code   RO         5806    .text               c_w.l(__printf_flags_ss_wp.o)
    0x08000634   0x08000634   0x0000004e   Code   RO         5819    .text               c_w.l(rt_memclr_w.o)
    0x08000682   0x08000682   0x00000006   Code   RO         5821    .text               c_w.l(heapauxi.o)
    0x08000688   0x08000688   0x00000002   Code   RO         5887    .text               c_w.l(use_no_semi.o)
    0x0800068a   0x0800068a   0x00000016   Code   RO         5890    .text               c_w.l(_rserrno.o)
    0x080006a0   0x080006a0   0x000000b2   Code   RO         5892    .text               c_w.l(_printf_intcommon.o)
    0x08000752   0x08000752   0x0000002c   Code   RO         5894    .text               c_w.l(_printf_char.o)
    0x0800077e   0x0800077e   0x00000002   PAD
    0x08000780   0x08000780   0x00000024   Code   RO         5896    .text               c_w.l(_printf_char_file.o)
    0x080007a4   0x080007a4   0x00000008   Code   RO         5956    .text               c_w.l(rt_errno_addr_intlibspace.o)
    0x080007ac   0x080007ac   0x00000030   Code   RO         5958    .text               c_w.l(_printf_char_common.o)
    0x080007dc   0x080007dc   0x00000008   Code   RO         5960    .text               c_w.l(ferror.o)
    0x080007e4   0x080007e4   0x00000008   Code   RO         5966    .text               c_w.l(libspace.o)
    0x080007ec   0x080007ec   0x0000004a   Code   RO         5969    .text               c_w.l(sys_stackheap_outer.o)
    0x08000836   0x08000836   0x00000012   Code   RO         5973    .text               c_w.l(exit.o)
    0x08000848   0x08000848   0x00000016   Code   RO         2066    i.ADC_Cmd           stm32f10x_adc.o
    0x0800085e   0x0800085e   0x00000002   PAD
    0x08000860   0x08000860   0x0000005c   Code   RO         2068    i.ADC_DeInit        stm32f10x_adc.o
    0x080008bc   0x080008bc   0x00000014   Code   RO         2074    i.ADC_GetCalibrationStatus  stm32f10x_adc.o
    0x080008d0   0x080008d0   0x00000008   Code   RO         2075    i.ADC_GetConversionValue  stm32f10x_adc.o
    0x080008d8   0x080008d8   0x00000012   Code   RO         2077    i.ADC_GetFlagStatus  stm32f10x_adc.o
    0x080008ea   0x080008ea   0x00000014   Code   RO         2080    i.ADC_GetResetCalibrationStatus  stm32f10x_adc.o
    0x080008fe   0x080008fe   0x00000002   PAD
    0x08000900   0x08000900   0x00000050   Code   RO         2084    i.ADC_Init          stm32f10x_adc.o
    0x08000950   0x08000950   0x000000b8   Code   RO         2088    i.ADC_RegularChannelConfig  stm32f10x_adc.o
    0x08000a08   0x08000a08   0x0000000a   Code   RO         2089    i.ADC_ResetCalibration  stm32f10x_adc.o
    0x08000a12   0x08000a12   0x00000016   Code   RO         2091    i.ADC_SoftwareStartConvCmd  stm32f10x_adc.o
    0x08000a28   0x08000a28   0x0000000a   Code   RO         2093    i.ADC_StartCalibration  stm32f10x_adc.o
    0x08000a32   0x08000a32   0x00000018   Code   RO         1115    i.ALL_GPIO_Init     gpio.o
    0x08000a4a   0x08000a4a   0x00000004   Code   RO          243    i.BusFault_Handler  stm32f10x_it.o
    0x08000a4e   0x08000a4e   0x00000002   PAD
    0x08000a50   0x08000a50   0x00000040   Code   RO         5573    i.Check_GC          glassout_task.o
    0x08000a90   0x08000a90   0x00000034   Code   RO         5483    i.Check_GP          glassclaw_task.o
    0x08000ac4   0x08000ac4   0x00000020   Code   RO         5528    i.Check_Spray       glasspackage_task.o
    0x08000ae4   0x08000ae4   0x00000020   Code   RO         5574    i.Check_box         glassout_task.o
    0x08000b04   0x08000b04   0x0000002c   Code   RO         1026    i.DMA1_Channel6_IRQHandler  usart.o
    0x08000b30   0x08000b30   0x0000001c   Code   RO         2725    i.DMA_ClearFlag     stm32f10x_dma.o
    0x08000b4c   0x08000b4c   0x00000018   Code   RO         2727    i.DMA_Cmd           stm32f10x_dma.o
    0x08000b64   0x08000b64   0x0000014c   Code   RO         2728    i.DMA_DeInit        stm32f10x_dma.o
    0x08000cb0   0x08000cb0   0x0000002c   Code   RO         2730    i.DMA_GetFlagStatus  stm32f10x_dma.o
    0x08000cdc   0x08000cdc   0x00000012   Code   RO         2732    i.DMA_ITConfig      stm32f10x_dma.o
    0x08000cee   0x08000cee   0x0000003c   Code   RO         2733    i.DMA_Init          stm32f10x_dma.o
    0x08000d2a   0x08000d2a   0x00000004   Code   RO         2734    i.DMA_SetCurrDataCounter  stm32f10x_dma.o
    0x08000d2e   0x08000d2e   0x00000002   Code   RO          244    i.DebugMon_Handler  stm32f10x_it.o
    0x08000d30   0x08000d30   0x00000058   Code   RO          450    i.EXTI0_IRQHandler  position.o
    0x08000d88   0x08000d88   0x00000180   Code   RO          451    i.EXTI15_10_IRQHandler  position.o
    0x08000f08   0x08000f08   0x0000004c   Code   RO          452    i.EXTI3_IRQHandler  position.o
    0x08000f54   0x08000f54   0x000001dc   Code   RO          453    i.EXTI9_5_IRQHandler  position.o
    0x08001130   0x08001130   0x0000000c   Code   RO         2798    i.EXTI_ClearITPendingBit  stm32f10x_exti.o
    0x0800113c   0x0800113c   0x00000028   Code   RO         2802    i.EXTI_GetITStatus  stm32f10x_exti.o
    0x08001164   0x08001164   0x00000094   Code   RO         2803    i.EXTI_Init         stm32f10x_exti.o
    0x080011f8   0x080011f8   0x00000002   Code   RO         5372    i.Error_Set         taskthread.o
    0x080011fa   0x080011fa   0x00000002   PAD
    0x080011fc   0x080011fc   0x00000038   Code   RO          454    i.Exti_0_7_GPIO_Init  position.o
    0x08001234   0x08001234   0x00000028   Code   RO          455    i.Exti_8_15_GPIO_Init  position.o
    0x0800125c   0x0800125c   0x00000092   Code   RO          456    i.Exti_Init_0_7     position.o
    0x080012ee   0x080012ee   0x000000e6   Code   RO          457    i.Exti_Init_8_15    position.o
    0x080013d4   0x080013d4   0x00000104   Code   RO         5484    i.GC_FinishTask     glassclaw_task.o
    0x080014d8   0x080014d8   0x000002c8   Code   RO         5485    i.GC_ReadyTask      glassclaw_task.o
    0x080017a0   0x080017a0   0x000001b4   Code   RO         5486    i.GC_RunningTask    glassclaw_task.o
    0x08001954   0x08001954   0x0000005c   Code   RO         5487    i.GC_TaskThread     glassclaw_task.o
    0x080019b0   0x080019b0   0x000000b4   Code   RO         5448    i.GE_FinishTask     glassenter_task.o
    0x08001a64   0x08001a64   0x000001e0   Code   RO         5449    i.GE_ReadyTask      glassenter_task.o
    0x08001c44   0x08001c44   0x0000015c   Code   RO         5450    i.GE_RunningTask    glassenter_task.o
    0x08001da0   0x08001da0   0x0000005c   Code   RO         5451    i.GE_TaskThread     glassenter_task.o
    0x08001dfc   0x08001dfc   0x00000120   Code   RO         5575    i.GO_FinishTask     glassout_task.o
    0x08001f1c   0x08001f1c   0x0000037c   Code   RO         5576    i.GO_ReadyTask      glassout_task.o
    0x08002298   0x08002298   0x00000230   Code   RO         5577    i.GO_RunningTask    glassout_task.o
    0x080024c8   0x080024c8   0x00000058   Code   RO         5578    i.GO_TaskThread     glassout_task.o
    0x08002520   0x08002520   0x00000040   Code   RO         1545    i.GPIO_EXTILineConfig  stm32f10x_gpio.o
    0x08002560   0x08002560   0x00000116   Code   RO         1548    i.GPIO_Init         stm32f10x_gpio.o
    0x08002676   0x08002676   0x00000002   PAD
    0x08002678   0x08002678   0x00000090   Code   RO         1550    i.GPIO_PinRemapConfig  stm32f10x_gpio.o
    0x08002708   0x08002708   0x00000004   Code   RO         1555    i.GPIO_ResetBits    stm32f10x_gpio.o
    0x0800270c   0x0800270c   0x00000004   Code   RO         1556    i.GPIO_SetBits      stm32f10x_gpio.o
    0x08002710   0x08002710   0x00000120   Code   RO         5529    i.GP_FinishTask     glasspackage_task.o
    0x08002830   0x08002830   0x000002f8   Code   RO         5530    i.GP_ReadyTask      glasspackage_task.o
    0x08002b28   0x08002b28   0x00000280   Code   RO         5531    i.GP_RunningTask    glasspackage_task.o
    0x08002da8   0x08002da8   0x0000005c   Code   RO         5532    i.GP_TaskThread     glasspackage_task.o
    0x08002e04   0x08002e04   0x0000004c   Code   RO          714    i.Gas_Init          gas.o
    0x08002e50   0x08002e50   0x00000068   Code   RO          715    i.Gas_pump_Func     gas.o
    0x08002eb8   0x08002eb8   0x00000064   Code   RO          716    i.Gas_release_Func  gas.o
    0x08002f1c   0x08002f1c   0x000000cc   Code   RO          507    i.GetStepPeriodArrayOnAcc  motor.o
    0x08002fe8   0x08002fe8   0x00000004   Code   RO          245    i.HardFault_Handler  stm32f10x_it.o
    0x08002fec   0x08002fec   0x0000006c   Code   RO         1116    i.Heater_Gpio_Init  gpio.o
    0x08003058   0x08003058   0x00000058   Code   RO         1158    i.IIC_Init          myiic.o
    0x080030b0   0x080030b0   0x00000068   Code   RO         1162    i.IIC_Send_Byte     myiic.o
    0x08003118   0x08003118   0x0000004c   Code   RO         1163    i.IIC_Start         myiic.o
    0x08003164   0x08003164   0x0000004c   Code   RO         1164    i.IIC_Stop          myiic.o
    0x080031b0   0x080031b0   0x00000064   Code   RO         1165    i.IIC_Wait_Ack      myiic.o
    0x08003214   0x08003214   0x00000010   Code   RO          685    i.ITV0011_IIC_Enable  itv0011.o
    0x08003224   0x08003224   0x00000012   Code   RO          687    i.ITV0011_IIC_Init  itv0011.o
    0x08003236   0x08003236   0x00000002   PAD
    0x08003238   0x08003238   0x00000088   Code   RO         1117    i.IoInput_GpioInit  gpio.o
    0x080032c0   0x080032c0   0x00000034   Code   RO         1118    i.LED_GPIO_Init     gpio.o
    0x080032f4   0x080032f4   0x000000a4   Code   RO         1027    i.MYDMA_Config_Usart2  usart.o
    0x08003398   0x08003398   0x00000024   Code   RO         1028    i.MYDMA_Enable      usart.o
    0x080033bc   0x080033bc   0x00000004   Code   RO          246    i.MemManage_Handler  stm32f10x_it.o
    0x080033c0   0x080033c0   0x000000b8   Code   RO         1119    i.Motor_Dir_GpioInit  gpio.o
    0x08003478   0x08003478   0x00000028   Code   RO         1241    i.Motor_PWM_Init    pwm.o
    0x080034a0   0x080034a0   0x00000002   Code   RO          247    i.NMI_Handler       stm32f10x_it.o
    0x080034a2   0x080034a2   0x00000002   PAD
    0x080034a4   0x080034a4   0x00000070   Code   RO         1506    i.NVIC_Init         misc.o
    0x08003514   0x08003514   0x00000014   Code   RO         1507    i.NVIC_PriorityGroupConfig  misc.o
    0x08003528   0x08003528   0x0000002c   Code   RO         5488    i.Next_Task         glassclaw_task.o
    0x08003554   0x08003554   0x00000034   Code   RO         5533    i.Next_Task         glasspackage_task.o
    0x08003588   0x08003588   0x00000034   Code   RO         5579    i.Next_Task         glassout_task.o
    0x080035bc   0x080035bc   0x0000002c   Code   RO         4473    i.OSInit            os_core.o
    0x080035e8   0x080035e8   0x00000002   Code   RO         5110    i.OSInitHookBegin   os_cpu_c.o
    0x080035ea   0x080035ea   0x00000002   Code   RO         5111    i.OSInitHookEnd     os_cpu_c.o
    0x080035ec   0x080035ec   0x00000024   Code   RO         4474    i.OSIntEnter        os_core.o
    0x08003610   0x08003610   0x00000090   Code   RO         4475    i.OSIntExit         os_core.o
    0x080036a0   0x080036a0   0x00000040   Code   RO         4476    i.OSSchedLock       os_core.o
    0x080036e0   0x080036e0   0x00000060   Code   RO         4477    i.OSSchedUnlock     os_core.o
    0x08003740   0x08003740   0x00000048   Code   RO         4478    i.OSStart           os_core.o
    0x08003788   0x08003788   0x00000002   Code   RO         5112    i.OSTCBInitHook     os_cpu_c.o
    0x0800378a   0x0800378a   0x00000002   PAD
    0x0800378c   0x0800378c   0x000000a0   Code   RO         4970    i.OSTaskCreate      os_task.o
    0x0800382c   0x0800382c   0x000000b8   Code   RO         4971    i.OSTaskCreateExt   os_task.o
    0x080038e4   0x080038e4   0x00000002   Code   RO         5113    i.OSTaskCreateHook  os_cpu_c.o
    0x080038e6   0x080038e6   0x00000002   Code   RO         5115    i.OSTaskIdleHook    os_cpu_c.o
    0x080038e8   0x080038e8   0x00000070   Code   RO         4975    i.OSTaskNameSet     os_task.o
    0x08003958   0x08003958   0x00000002   Code   RO         5117    i.OSTaskStatHook    os_cpu_c.o
    0x0800395a   0x0800395a   0x00000002   PAD
    0x0800395c   0x0800395c   0x0000008c   Code   RO         4980    i.OSTaskStkChk      os_task.o
    0x080039e8   0x080039e8   0x0000009a   Code   RO         5118    i.OSTaskStkInit     os_cpu_c.o
    0x08003a82   0x08003a82   0x00000002   PAD
    0x08003a84   0x08003a84   0x000000a8   Code   RO         4981    i.OSTaskSuspend     os_task.o
    0x08003b2c   0x08003b2c   0x00000002   Code   RO         5119    i.OSTaskSwHook      os_cpu_c.o
    0x08003b2e   0x08003b2e   0x00000002   PAD
    0x08003b30   0x08003b30   0x00000078   Code   RO         5065    i.OSTimeDly         os_time.o
    0x08003ba8   0x08003ba8   0x00000060   Code   RO         5066    i.OSTimeDlyHMSM     os_time.o
    0x08003c08   0x08003c08   0x000000ec   Code   RO         4480    i.OSTimeTick        os_core.o
    0x08003cf4   0x08003cf4   0x00000002   Code   RO         5120    i.OSTimeTickHook    os_cpu_c.o
    0x08003cf6   0x08003cf6   0x00000002   PAD
    0x08003cf8   0x08003cf8   0x00000058   Code   RO         4664    i.OS_FlagInit       os_flag.o
    0x08003d50   0x08003d50   0x00000054   Code   RO         4487    i.OS_InitEventList  os_core.o
    0x08003da4   0x08003da4   0x00000054   Code   RO         4488    i.OS_InitMisc       os_core.o
    0x08003df8   0x08003df8   0x00000044   Code   RO         4489    i.OS_InitRdyList    os_core.o
    0x08003e3c   0x08003e3c   0x00000080   Code   RO         4490    i.OS_InitTCBList    os_core.o
    0x08003ebc   0x08003ebc   0x00000050   Code   RO         4491    i.OS_InitTaskIdle   os_core.o
    0x08003f0c   0x08003f0c   0x00000050   Code   RO         4492    i.OS_InitTaskStat   os_core.o
    0x08003f5c   0x08003f5c   0x00000012   Code   RO         4493    i.OS_MemClr         os_core.o
    0x08003f6e   0x08003f6e   0x00000002   PAD
    0x08003f70   0x08003f70   0x00000050   Code   RO         4853    i.OS_QInit          os_q.o
    0x08003fc0   0x08003fc0   0x00000074   Code   RO         4495    i.OS_Sched          os_core.o
    0x08004034   0x08004034   0x0000002c   Code   RO         4496    i.OS_SchedNew       os_core.o
    0x08004060   0x08004060   0x00000134   Code   RO         4498    i.OS_TCBInit        os_core.o
    0x08004194   0x08004194   0x00000028   Code   RO         4499    i.OS_TaskIdle       os_core.o
    0x080041bc   0x080041bc   0x00000088   Code   RO         4500    i.OS_TaskStat       os_core.o
    0x08004244   0x08004244   0x0000003c   Code   RO         4501    i.OS_TaskStatStkChk  os_core.o
    0x08004280   0x08004280   0x0000001a   Code   RO         4983    i.OS_TaskStkClr     os_task.o
    0x0800429a   0x0800429a   0x00000002   PAD
    0x0800429c   0x0800429c   0x00000060   Code   RO          652    i.P6847_adc_GetPressure  p6847.o
    0x080042fc   0x080042fc   0x00000008   Code   RO          653    i.P6847_adc_init    p6847.o
    0x08004304   0x08004304   0x00000032   Code   RO          615    i.PCF8591_DAC_Output  pcf8591.o
    0x08004336   0x08004336   0x00000002   PAD
    0x08004338   0x08004338   0x0000008c   Code   RO         5373    i.Pause_TaskThread  taskthread.o
    0x080043c4   0x080043c4   0x00000018   Code   RO         1680    i.RCC_ADCCLKConfig  stm32f10x_rcc.o
    0x080043dc   0x080043dc   0x00000020   Code   RO         1681    i.RCC_AHBPeriphClockCmd  stm32f10x_rcc.o
    0x080043fc   0x080043fc   0x00000020   Code   RO         1682    i.RCC_APB1PeriphClockCmd  stm32f10x_rcc.o
    0x0800441c   0x0800441c   0x00000020   Code   RO         1684    i.RCC_APB2PeriphClockCmd  stm32f10x_rcc.o
    0x0800443c   0x0800443c   0x00000020   Code   RO         1685    i.RCC_APB2PeriphResetCmd  stm32f10x_rcc.o
    0x0800445c   0x0800445c   0x000000d4   Code   RO         1692    i.RCC_GetClocksFreq  stm32f10x_rcc.o
    0x08004530   0x08004530   0x0000004c   Code   RO         1120    i.RELAY_GPIO_Init   gpio.o
    0x0800457c   0x0800457c   0x00000010   Code   RO         3452    i.RTC_ClearITPendingBit  stm32f10x_rtc.o
    0x0800458c   0x0800458c   0x00000024   Code   RO         3458    i.RTC_GetITStatus   stm32f10x_rtc.o
    0x080045b0   0x080045b0   0x00000028   Code   RO          878    i.RTC_IRQHandler    rtc.o
    0x080045d8   0x080045d8   0x00000014   Code   RO         3463    i.RTC_WaitForLastTask  stm32f10x_rtc.o
    0x080045ec   0x080045ec   0x00000018   Code   RO         5489    i.Resume_Task       glassclaw_task.o
    0x08004604   0x08004604   0x0000001c   Code   RO         5534    i.Resume_Task       glasspackage_task.o
    0x08004620   0x08004620   0x0000001c   Code   RO         5580    i.Resume_Task       glassout_task.o
    0x0800463c   0x0800463c   0x00000058   Code   RO         1430    i.RingBuffer_Malloc  ringbuffer.o
    0x08004694   0x08004694   0x00000002   Code   RO          248    i.SVC_Handler       stm32f10x_it.o
    0x08004696   0x08004696   0x00000008   Code   RO          320    i.SetSysClock       system_stm32f10x.o
    0x0800469e   0x0800469e   0x00000002   PAD
    0x080046a0   0x080046a0   0x000000e0   Code   RO          321    i.SetSysClockTo72   system_stm32f10x.o
    0x08004780   0x08004780   0x00000018   Code   RO         5232    i.Set_motor_dir     usmart_config.o
    0x08004798   0x08004798   0x00000028   Code   RO         1510    i.SysTick_CLKSourceConfig  misc.o
    0x080047c0   0x080047c0   0x0000001c   Code   RO          947    i.SysTick_Handler   delay.o
    0x080047dc   0x080047dc   0x00000060   Code   RO          323    i.SystemInit        system_stm32f10x.o
    0x0800483c   0x0800483c   0x000000fc   Code   RO         1242    i.TIM1_PWM_Init     pwm.o
    0x08004938   0x08004938   0x00000148   Code   RO         1243    i.TIM1_UP_IRQHandler  pwm.o
    0x08004a80   0x08004a80   0x0000017c   Code   RO         1244    i.TIM2_IRQHandler   pwm.o
    0x08004bfc   0x08004bfc   0x000000ec   Code   RO         1245    i.TIM2_PWM_Init     pwm.o
    0x08004ce8   0x08004ce8   0x00000188   Code   RO         1246    i.TIM3_IRQHandler   pwm.o
    0x08004e70   0x08004e70   0x000000c4   Code   RO         1247    i.TIM3_PWM_Init     pwm.o
    0x08004f34   0x08004f34   0x0000019c   Code   RO         1248    i.TIM4_IRQHandler   pwm.o
    0x080050d0   0x080050d0   0x000000c4   Code   RO         1249    i.TIM4_PWM_Init     pwm.o
    0x08005194   0x08005194   0x0000016c   Code   RO         1250    i.TIM5_IRQHandler   pwm.o
    0x08005300   0x08005300   0x000000c4   Code   RO         1251    i.TIM5_PWM_Init     pwm.o
    0x080053c4   0x080053c4   0x00000048   Code   RO         5376    i.TIM6_IRQHandler   taskthread.o
    0x0800540c   0x0800540c   0x00000040   Code   RO          882    i.TIM7_IRQHandler   rtc.o
    0x0800544c   0x0800544c   0x000000f0   Code   RO         1252    i.TIM8_PWM_Init     pwm.o
    0x0800553c   0x0800553c   0x00000138   Code   RO         1253    i.TIM8_UP_IRQHandler  pwm.o
    0x08005674   0x08005674   0x00000018   Code   RO         3875    i.TIM_ARRPreloadConfig  stm32f10x_tim.o
    0x0800568c   0x0800568c   0x00000006   Code   RO         3881    i.TIM_ClearFlag     stm32f10x_tim.o
    0x08005692   0x08005692   0x00000006   Code   RO         3882    i.TIM_ClearITPendingBit  stm32f10x_tim.o
    0x08005698   0x08005698   0x00000018   Code   RO         3887    i.TIM_Cmd           stm32f10x_tim.o
    0x080056b0   0x080056b0   0x0000001e   Code   RO         3889    i.TIM_CtrlPWMOutputs  stm32f10x_tim.o
    0x080056ce   0x080056ce   0x00000022   Code   RO         3908    i.TIM_GetITStatus   stm32f10x_tim.o
    0x080056f0   0x080056f0   0x00000012   Code   RO         3912    i.TIM_ITConfig      stm32f10x_tim.o
    0x08005702   0x08005702   0x00000002   PAD
    0x08005704   0x08005704   0x00000098   Code   RO         3916    i.TIM_OC1Init       stm32f10x_tim.o
    0x0800579c   0x0800579c   0x00000012   Code   RO         3919    i.TIM_OC1PreloadConfig  stm32f10x_tim.o
    0x080057ae   0x080057ae   0x00000004   Code   RO         3946    i.TIM_SetAutoreload  stm32f10x_tim.o
    0x080057b2   0x080057b2   0x00000004   Code   RO         3948    i.TIM_SetCompare1   stm32f10x_tim.o
    0x080057b6   0x080057b6   0x00000002   PAD
    0x080057b8   0x080057b8   0x000000a4   Code   RO         3958    i.TIM_TimeBaseInit  stm32f10x_tim.o
    0x0800585c   0x0800585c   0x00000054   Code   RO         5377    i.TaskThread_CheckIdle  taskthread.o
    0x080058b0   0x080058b0   0x0000007c   Code   RO         5378    i.TaskThread_Init   taskthread.o
    0x0800592c   0x0800592c   0x00000090   Code   RO         1029    i.USART1_IRQHandler  usart.o
    0x080059bc   0x080059bc   0x00000018   Code   RO         1884    i.USART_Cmd         stm32f10x_usart.o
    0x080059d4   0x080059d4   0x00000012   Code   RO         1885    i.USART_DMACmd      stm32f10x_usart.o
    0x080059e6   0x080059e6   0x00000054   Code   RO         1888    i.USART_GetITStatus  stm32f10x_usart.o
    0x08005a3a   0x08005a3a   0x0000004a   Code   RO         1890    i.USART_ITConfig    stm32f10x_usart.o
    0x08005a84   0x08005a84   0x000000d8   Code   RO         1891    i.USART_Init        stm32f10x_usart.o
    0x08005b5c   0x08005b5c   0x0000000a   Code   RO         1898    i.USART_ReceiveData  stm32f10x_usart.o
    0x08005b66   0x08005b66   0x00000004   Code   RO          249    i.UsageFault_Handler  stm32f10x_it.o
    0x08005b6a   0x08005b6a   0x00000026   Code   RO         5922    i.__ARM_fpclassifyf  m_ws.l(fpclassifyf.o)
    0x08005b90   0x08005b90   0x00000006   Code   RO         5925    i.__mathlib_flt_infnan  m_ws.l(funder.o)
    0x08005b96   0x08005b96   0x0000000a   Code   RO         5928    i.__mathlib_flt_overflow  m_ws.l(funder.o)
    0x08005ba0   0x08005ba0   0x0000000a   Code   RO         5930    i.__mathlib_flt_underflow  m_ws.l(funder.o)
    0x08005baa   0x08005baa   0x0000000e   Code   RO         5799    i._is_digit         c_w.l(__printf_wp.o)
    0x08005bb8   0x08005bb8   0x00000004   Code   RO         1030    i._sys_exit         usart.o
    0x08005bbc   0x08005bbc   0x00000030   Code   RO         1398    i.adc2_getvalue     adc.o
    0x08005bec   0x08005bec   0x00000094   Code   RO         1399    i.adc2_init         adc.o
    0x08005c80   0x08005c80   0x0000000c   Code   RO         5233    i.boost_device_test  usmart_config.o
    0x08005c8c   0x08005c8c   0x00000094   Code   RO         5234    i.boost_test        usmart_config.o
    0x08005d20   0x08005d20   0x00000020   Code   RO         5452    i.check_GC          glassenter_task.o
    0x08005d40   0x08005d40   0x00000014   Code   RO         5235    i.close_device      usmart_config.o
    0x08005d54   0x08005d54   0x00000060   Code   RO         5236    i.debug_test        usmart_config.o
    0x08005db4   0x08005db4   0x0000005c   Code   RO          948    i.delay_init        delay.o
    0x08005e10   0x08005e10   0x00000050   Code   RO          949    i.delay_ms          delay.o
    0x08005e60   0x08005e60   0x00000008   Code   RO          950    i.delay_osschedlock  delay.o
    0x08005e68   0x08005e68   0x00000008   Code   RO          951    i.delay_osschedunlock  delay.o
    0x08005e70   0x08005e70   0x0000000c   Code   RO          952    i.delay_ostimedly   delay.o
    0x08005e7c   0x08005e7c   0x0000005c   Code   RO          953    i.delay_us          delay.o
    0x08005ed8   0x08005ed8   0x00000170   Code   RO         5878    i.expf              m_ws.l(expf.o)
    0x08006048   0x08006048   0x0000001c   Code   RO         1033    i.fputc             usart.o
    0x08006064   0x08006064   0x00000058   Code   RO            1    i.gas_task          main.o
    0x080060bc   0x080060bc   0x00000080   Code   RO         5237    i.gpio_test         usmart_config.o
    0x0800613c   0x0800613c   0x00000012   Code   RO         1432    i.is_power_of_2     ringbuffer.o
    0x0800614e   0x0800614e   0x00000002   PAD
    0x08006150   0x08006150   0x000000a8   Code   RO            2    i.main              main.o
    0x080061f8   0x080061f8   0x00000060   Code   RO            3    i.main_task         main.o
    0x08006258   0x08006258   0x00000020   Code   RO          511    i.motorAccGO_Debug  motor.o
    0x08006278   0x08006278   0x00000044   Code   RO          512    i.motorGO_Debug     motor.o
    0x080062bc   0x080062bc   0x000000c4   Code   RO          513    i.motorGo           motor.o
    0x08006380   0x08006380   0x000000b4   Code   RO          514    i.motorGo_acc       motor.o
    0x08006434   0x08006434   0x00000060   Code   RO          515    i.motor_Get_Start_Sen  motor.o
    0x08006494   0x08006494   0x00000068   Code   RO          516    i.motor_Set_Direction  motor.o
    0x080064fc   0x080064fc   0x00000108   Code   RO         5238    i.motor_test        usmart_config.o
    0x08006604   0x08006604   0x0000004c   Code   RO         5239    i.motoracc_test     usmart_config.o
    0x08006650   0x08006650   0x0000001e   Code   RO         1223    i.my_delay_ms       mydelay.o
    0x0800666e   0x0800666e   0x0000001c   Code   RO         1224    i.my_delay_us       mydelay.o
    0x0800668a   0x0800668a   0x00000002   PAD
    0x0800668c   0x0800668c   0x0000006c   Code   RO         1326    i.my_mem_free       malloc.o
    0x080066f8   0x080066f8   0x00000044   Code   RO         1327    i.my_mem_init       malloc.o
    0x0800673c   0x0800673c   0x000000a8   Code   RO         1328    i.my_mem_malloc     malloc.o
    0x080067e4   0x080067e4   0x00000040   Code   RO         1329    i.my_mem_perused    malloc.o
    0x08006824   0x08006824   0x00000024   Code   RO         1330    i.myfree            malloc.o
    0x08006848   0x08006848   0x00000028   Code   RO         1331    i.mymalloc          malloc.o
    0x08006870   0x08006870   0x00000014   Code   RO         1333    i.mymemset          malloc.o
    0x08006884   0x08006884   0x00000080   Code   RO          458    i.postions_sensor_Init  position.o
    0x08006904   0x08006904   0x00000020   Code   RO         1433    i.roundup_pow_of_two  ringbuffer.o
    0x08006924   0x08006924   0x000000c8   Code   RO          518    i.setMixtureData    motor.o
    0x080069ec   0x080069ec   0x00000078   Code   RO            4    i.start_task        main.o
    0x08006a64   0x08006a64   0x00000090   Code   RO          519    i.stepperMotorStart  motor.o
    0x08006af4   0x08006af4   0x00000024   Code   RO          520    i.stepperMotorStop  motor.o
    0x08006b18   0x08006b18   0x0000003c   Code   RO         5240    i.thread_test       usmart_config.o
    0x08006b54   0x08006b54   0x0000008c   Code   RO         1036    i.uart2_init        usart.o
    0x08006be0   0x08006be0   0x000000a0   Code   RO         1037    i.uart_init         usart.o
    0x08006c80   0x08006c80   0x0000002c   Code   RO            5    i.uart_receivetask  main.o
    0x08006cac   0x08006cac   0x0000002c   Code   RO            6    i.uart_sendtask     main.o
    0x08006cd8   0x08006cd8   0x000000b0   Code   RO         5192    i.usmart_cmd_rec    usmart.o
    0x08006d88   0x08006d88   0x000002cc   Code   RO         5193    i.usmart_exe        usmart.o
    0x08007054   0x08007054   0x000000c8   Code   RO         5298    i.usmart_get_aparm  usmart_str.o
    0x0800711c   0x0800711c   0x00000036   Code   RO         5299    i.usmart_get_cmdname  usmart_str.o
    0x08007152   0x08007152   0x00000002   PAD
    0x08007154   0x08007154   0x000001c0   Code   RO         5300    i.usmart_get_fname  usmart_str.o
    0x08007314   0x08007314   0x0000010c   Code   RO         5301    i.usmart_get_fparam  usmart_str.o
    0x08007420   0x08007420   0x00000020   Code   RO         5302    i.usmart_get_parmpos  usmart_str.o
    0x08007440   0x08007440   0x0000000c   Code   RO         5194    i.usmart_init       usmart.o
    0x0800744c   0x0800744c   0x00000016   Code   RO         5303    i.usmart_pow        usmart_str.o
    0x08007462   0x08007462   0x00000002   PAD
    0x08007464   0x08007464   0x000000bc   Code   RO         5195    i.usmart_scan       usmart.o
    0x08007520   0x08007520   0x00000016   Code   RO         5304    i.usmart_search_nextc  usmart_str.o
    0x08007536   0x08007536   0x000000ca   Code   RO         5305    i.usmart_str2num    usmart_str.o
    0x08007600   0x08007600   0x00000022   Code   RO         5306    i.usmart_strcmp     usmart_str.o
    0x08007622   0x08007622   0x00000016   Code   RO         5307    i.usmart_strcopy    usmart_str.o
    0x08007638   0x08007638   0x00000018   Code   RO         5308    i.usmart_strlen     usmart_str.o
    0x08007650   0x08007650   0x00000698   Code   RO         5196    i.usmart_sys_cmd_exe  usmart.o
    0x08007ce8   0x08007ce8   0x00000062   Code   RO         5825    x$fpl$d2f           fz_ws.l(d2f.o)
    0x08007d4a   0x08007d4a   0x00000002   PAD
    0x08007d4c   0x08007d4c   0x000002b0   Code   RO         5834    x$fpl$ddiv          fz_ws.l(ddiv.o)
    0x08007ffc   0x08007ffc   0x0000002e   Code   RO         5842    x$fpl$dflt          fz_ws.l(dflt_clz.o)
    0x0800802a   0x0800802a   0x00000002   PAD
    0x0800802c   0x0800802c   0x00000154   Code   RO         5847    x$fpl$dmul          fz_ws.l(dmul.o)
    0x08008180   0x08008180   0x0000009c   Code   RO         5901    x$fpl$dnaninf       fz_ws.l(dnaninf.o)
    0x0800821c   0x0800821c   0x0000000c   Code   RO         5903    x$fpl$dretinf       fz_ws.l(dretinf.o)
    0x08008228   0x08008228   0x00000056   Code   RO         5849    x$fpl$f2d           fz_ws.l(f2d.o)
    0x0800827e   0x0800827e   0x00000002   PAD
    0x08008280   0x08008280   0x000000c4   Code   RO         5851    x$fpl$fadd          fz_ws.l(faddsub_clz.o)
    0x08008344   0x08008344   0x0000000c   Code   RO         5964    x$fpl$fcheck1       fz_ws.l(fcheck1.o)
    0x08008350   0x08008350   0x00000018   Code   RO         5905    x$fpl$fcmpinf       fz_ws.l(fcmpi.o)
    0x08008368   0x08008368   0x00000184   Code   RO         5858    x$fpl$fdiv          fz_ws.l(fdiv.o)
    0x080084ec   0x080084ec   0x00000036   Code   RO         5907    x$fpl$ffix          fz_ws.l(ffix.o)
    0x08008522   0x08008522   0x00000002   PAD
    0x08008524   0x08008524   0x0000003e   Code   RO         5861    x$fpl$ffixu         fz_ws.l(ffixu.o)
    0x08008562   0x08008562   0x00000002   PAD
    0x08008564   0x08008564   0x00000030   Code   RO         5866    x$fpl$fflt          fz_ws.l(fflt_clz.o)
    0x08008594   0x08008594   0x00000026   Code   RO         5865    x$fpl$ffltu         fz_ws.l(fflt_clz.o)
    0x080085ba   0x080085ba   0x00000002   PAD
    0x080085bc   0x080085bc   0x00000068   Code   RO         5871    x$fpl$fleqf         fz_ws.l(fleqf.o)
    0x08008624   0x08008624   0x00000102   Code   RO         5873    x$fpl$fmul          fz_ws.l(fmul.o)
    0x08008726   0x08008726   0x0000008c   Code   RO         5911    x$fpl$fnaninf       fz_ws.l(fnaninf.o)
    0x080087b2   0x080087b2   0x0000000a   Code   RO         5913    x$fpl$fretinf       fz_ws.l(fretinf.o)
    0x080087bc   0x080087bc   0x00000062   Code   RO         5875    x$fpl$frleqf        fz_ws.l(frleqf.o)
    0x0800881e   0x0800881e   0x00000002   PAD
    0x08008820   0x08008820   0x00000060   Code   RO         5915    x$fpl$frnd          fz_ws.l(frnd.o)
    0x08008880   0x08008880   0x00000014   Code   RO         5852    x$fpl$frsb          fz_ws.l(faddsub_clz.o)
    0x08008894   0x08008894   0x000000ea   Code   RO         5853    x$fpl$fsub          fz_ws.l(faddsub_clz.o)
    0x0800897e   0x0800897e   0x00000064   Code   RO         5981    x$fpl$retnan        fz_ws.l(retnan.o)
    0x080089e2   0x080089e2   0x0000004c   Code   RO         5919    x$fpl$scalbnf       fz_ws.l(scalbnf.o)
    0x08008a2e   0x08008a2e   0x00000030   Code   RO         6030    x$fpl$trapveneer    fz_ws.l(trapv.o)
    0x08008a5e   0x08008a5e   0x00000000   Code   RO         5921    x$fpl$usenofp       fz_ws.l(usenofp.o)
    0x08008a5e   0x08008a5e   0x00000002   PAD
    0x08008a60   0x08008a60   0x00000018   Data   RO         1338    .constdata          malloc.o
    0x08008a78   0x08008a78   0x00000100   Data   RO         4503    .constdata          os_core.o
    0x08008b78   0x08008b78   0x00000028   Data   RO         5772    .constdata          c_w.l(_printf_hex_int.o)
    0x08008ba0   0x08008ba0   0x00000011   Data   RO         5807    .constdata          c_w.l(__printf_flags_ss_wp.o)
    0x08008bb1   0x08008bb1   0x00000003   PAD
    0x08008bb4   0x08008bb4   0x00000030   Data   RO         5879    .constdata          m_ws.l(expf.o)
    0x08008be4   0x08008be4   0x00000078   Data   RO         5197    .conststring        usmart.o
    0x08008c5c   0x08008c5c   0x00000173   Data   RO         5241    .conststring        usmart_config.o
    0x08008dcf   0x08008dcf   0x00000001   PAD
    0x08008dd0   0x08008dd0   0x00000020   Data   RO         6107    Region$$Table       anon$$obj.o


    Execution Region ER_RW (Exec base: 0x20000000, Load base: 0x08008df0, Size: 0x00000444, Max: 0xffffffff, ABSOLUTE, COMPRESSED[0x00000178])

    Exec Addr    Load Addr    Size         Type   Attr      Idx    E Section Name        Object

    0x20000000   COMPRESSED   0x00000004   Data   RW            8    .data               main.o
    0x20000004   COMPRESSED   0x00000014   Data   RW          324    .data               system_stm32f10x.o
    0x20000018   COMPRESSED   0x00000013   Data   RW          358    .data               globalconfig.o
    0x2000002b   COMPRESSED   0x00000001   Data   RW          459    .data               position.o
    0x2000002c   COMPRESSED   0x00000180   Data   RW          521    .data               motor.o
    0x200001ac   COMPRESSED   0x00000008   Data   RW          717    .data               gas.o
    0x200001b4   COMPRESSED   0x00000004   Data   RW          954    .data               delay.o
    0x200001b8   COMPRESSED   0x00000013   Data   RW         1039    .data               usart.o
    0x200001cb   COMPRESSED   0x00000004   Data   RW         1254    .data               pwm.o
    0x200001cf   COMPRESSED   0x00000001   PAD
    0x200001d0   COMPRESSED   0x0000001c   Data   RW         1339    .data               malloc.o
    0x200001ec   COMPRESSED   0x00000014   Data   RW         1712    .data               stm32f10x_rcc.o
    0x20000200   COMPRESSED   0x00000048   Data   RW         4504    .data               os_core.o
    0x20000248   COMPRESSED   0x0000001c   Data   RW         5198    .data               usmart.o
    0x20000264   COMPRESSED   0x0000014c   Data   RW         5242    .data               usmart_config.o
    0x200003b0   COMPRESSED   0x00000094   Data   RW         5381    .data               taskthread.o


    Execution Region ER_ZI (Exec base: 0x20000444, Load base: 0x08008f68, Size: 0x0000cffc, Max: 0xffffffff, ABSOLUTE)

    Exec Addr    Load Addr    Size         Type   Attr      Idx    E Section Name        Object

    0x20000444        -       0x00000500   Zero   RW            7    .bss                main.o
    0x20000944        -       0x0000034c   Zero   RW         1038    .bss                usart.o
    0x20000c90   0x08008f68   0x00000010   PAD
    0x20000ca0        -       0x0000b6c0   Zero   RW         1337    .bss                malloc.o
    0x2000c360        -       0x00000a80   Zero   RW         4502    .bss                os_core.o
    0x2000cde0        -       0x00000060   Zero   RW         5967    .bss                c_w.l(libspace.o)
    0x2000ce40        -       0x00000200   Zero   RW         1500    HEAP                startup_stm32f10x_hd.o
    0x2000d040        -       0x00000400   Zero   RW         1499    STACK               startup_stm32f10x_hd.o



  Load Region LR$$.ARM.__AT_0x68000000 (Base: 0x68000000, Size: 0x00000000, Max: 0x000f0000, ABSOLUTE)

    Execution Region ER$$.ARM.__AT_0x68000000 (Exec base: 0x68000000, Load base: 0x68000000, Size: 0x000f0000, Max: 0x000f0000, ABSOLUTE, UNINIT)

    Exec Addr    Load Addr    Size         Type   Attr      Idx    E Section Name        Object

    0x68000000        -       0x000f0000   Zero   RW         1335    .ARM.__AT_0x68000000  malloc.o



  Load Region LR$$.ARM.__AT_0x680F0000 (Base: 0x680f0000, Size: 0x00000000, Max: 0x0000f000, ABSOLUTE)

    Execution Region ER$$.ARM.__AT_0x680F0000 (Exec base: 0x680f0000, Load base: 0x680f0000, Size: 0x0000f000, Max: 0x0000f000, ABSOLUTE, UNINIT)

    Exec Addr    Load Addr    Size         Type   Attr      Idx    E Section Name        Object

    0x680f0000        -       0x0000f000   Zero   RW         1336    .ARM.__AT_0x680F0000  malloc.o


==============================================================================

Image component sizes


      Code (inc. data)   RO Data    RW Data    ZI Data      Debug   Object Name

       196         14          0          0          0       1068   adc.o
       320         40          0          4          0       3721   delay.o
       280         52          0          8          0       2390   gas.o
      1620        162          0          0          0       3896   glassclaw_task.o
      1132        108          0          0          0       2796   glassenter_task.o
      2004        128          0          0          0       4500   glassout_task.o
      1892        138          0          0          0       4124   glasspackage_task.o
         0          0          0         19          0       4342   globalconfig.o
       580         74          0          0          0       3161   gpio.o
        34          0          0          0          0        980   itv0011.o
       560        164          0          4       1280     291694   main.o
       504         60         24         28    1091264       6089   malloc.o
       172         22          0          0          0       2009   misc.o
      1260        114          0        384          0       8679   motor.o
        58          0          0          0          0        964   mydelay.o
       444         76          0          0          0       2573   myiic.o
      1938        382        256         72       2688      18879   os_core.o
       180         36          0          0          0        324   os_cpu_a.o
       170          0          0          0          0      12635   os_cpu_c.o
        88         14          0          0          0        578   os_flag.o
        80          8          0          0          0        547   os_q.o
       790         64          0          0          0       5328   os_task.o
       216         30          0          0          0       1372   os_time.o
       104         14          0          0          0       1045   p6847.o
        50          0          0          0          0        673   pcf8591.o
      1624        300          0          1          0       5481   position.o
      3544        188          0          4          0       8703   pwm.o
       138          0          0          0          0       2632   ringbuffer.o
       104         14          0          0          0        927   rtc.o
        64         26        304          0       1536        792   startup_stm32f10x_hd.o
       486         24          0          0          0       8454   stm32f10x_adc.o
       510         26          0          0          0       5598   stm32f10x_dma.o
       200         18          0          0          0       2060   stm32f10x_exti.o
       494         10          0          0          0       4420   stm32f10x_gpio.o
        22          0          0          0          0       2799   stm32f10x_it.o
       364         50          0         20          0       6018   stm32f10x_rcc.o
        72         12          0          0          0       1532   stm32f10x_rtc.o
       484         62          0          0          0       7445   stm32f10x_tim.o
       426          6          0          0          0       5509   stm32f10x_usart.o
         0          0          0          0          0         32   sys.o
       328         28          0         20          0       2025   system_stm32f10x.o
       422        104          0        148          0       6094   taskthread.o
       720         66          0         19        844       7881   usart.o
      2780       1246        120         28          0       4389   usmart.o
       828        130        371        332          0       6592   usmart_config.o
      1328         20          0          0          0       8329   usmart_str.o

    ----------------------------------------------------------------------
     29654       4030       1108       1092    1097628     482079   Object Totals
         0          0         32          0          0          0   (incl. Generated)
        44          0          1          1         16          0   (incl. Padding)

    ----------------------------------------------------------------------

      Code (inc. data)   RO Data    RW Data    ZI Data      Debug   Library Member Name

        90          0          0          0          0          0   __dczerorl2.o
         8          0          0          0          0         68   __main.o
       392          4         17          0          0         92   __printf_flags_ss_wp.o
        14          0          0          0          0         68   __printf_wp.o
         0          0          0          0          0          0   __rtentry.o
        12          0          0          0          0          0   __rtentry2.o
         6          0          0          0          0          0   __rtentry4.o
        52          8          0          0          0          0   __scatter.o
        28          0          0          0          0          0   __scatter_zi.o
         6          0          0          0          0          0   _printf_c.o
        44          0          0          0          0        108   _printf_char.o
        48          6          0          0          0         96   _printf_char_common.o
        36          4          0          0          0         80   _printf_char_file.o
         6          0          0          0          0          0   _printf_d.o
       120         16          0          0          0         92   _printf_dec.o
        88          4         40          0          0         88   _printf_hex_int.o
       178          0          0          0          0         88   _printf_intcommon.o
        78          0          0          0          0        108   _printf_pad.o
         0          0          0          0          0          0   _printf_percent.o
         4          0          0          0          0          0   _printf_percent_end.o
         6          0          0          0          0          0   _printf_s.o
        82          0          0          0          0         80   _printf_str.o
         6          0          0          0          0          0   _printf_u.o
         6          0          0          0          0          0   _printf_x.o
        22          0          0          0          0        100   _rserrno.o
        18          0          0          0          0         80   exit.o
         8          0          0          0          0         68   ferror.o
         6          0          0          0          0        152   heapauxi.o
         2          0          0          0          0          0   libinit.o
         2          0          0          0          0          0   libinit2.o
         2          0          0          0          0          0   libshutdown.o
         2          0          0          0          0          0   libshutdown2.o
         8          4          0          0         96         68   libspace.o
        24          4          0          0          0         84   noretval__2printf.o
         8          4          0          0          0         68   rt_errno_addr_intlibspace.o
        78          0          0          0          0         80   rt_memclr_w.o
         2          0          0          0          0          0   rtexit.o
        10          0          0          0          0          0   rtexit2.o
        74          0          0          0          0         80   sys_stackheap_outer.o
         2          0          0          0          0         68   use_no_semi.o
         2          0          0          0          0         68   use_no_semi_2.o
        98          4          0          0          0         92   d2f.o
       688        140          0          0          0        208   ddiv.o
        46          0          0          0          0         68   dflt_clz.o
       340         12          0          0          0        104   dmul.o
       156          4          0          0          0         92   dnaninf.o
        12          0          0          0          0         68   dretinf.o
        86          4          0          0          0         84   f2d.o
       450          8          0          0          0        236   faddsub_clz.o
        12          4          0          0          0         68   fcheck1.o
        24          0          0          0          0         68   fcmpi.o
       388         76          0          0          0         96   fdiv.o
        54          4          0          0          0         84   ffix.o
        62          4          0          0          0         84   ffixu.o
        86          0          0          0          0        136   fflt_clz.o
       104          4          0          0          0         84   fleqf.o
       258          4          0          0          0         84   fmul.o
       140          4          0          0          0         84   fnaninf.o
        10          0          0          0          0         68   fretinf.o
        98          0          0          0          0         68   frleqf.o
        96          4          0          0          0         76   frnd.o
       100          0          0          0          0         68   retnan.o
        76          0          0          0          0         68   scalbnf.o
        48          0          0          0          0         68   trapv.o
         0          0          0          0          0          0   usenofp.o
       368         46         48          0          0        156   expf.o
        38          0          0          0          0         68   fpclassifyf.o
        26          0          0          0          0        204   funder.o

    ----------------------------------------------------------------------
      5466        376        108          0         96       4468   Library Totals
        22          0          3          0          0          0   (incl. Padding)

    ----------------------------------------------------------------------

      Code (inc. data)   RO Data    RW Data    ZI Data      Debug   Library Name

      1580         54         57          0         96       1884   c_w.l
      3432        276          0          0          0       2156   fz_ws.l
       432         46         48          0          0        428   m_ws.l

    ----------------------------------------------------------------------
      5466        376        108          0         96       4468   Library Totals

    ----------------------------------------------------------------------

==============================================================================


      Code (inc. data)   RO Data    RW Data    ZI Data      Debug   

     35120       4406       1216       1092    1097724     471255   Grand Totals
     35120       4406       1216        376    1097724     471255   ELF Image Totals (compressed)
     35120       4406       1216        376          0          0   ROM Totals

==============================================================================

    Total RO  Size (Code + RO Data)                36336 (  35.48kB)
    Total RW  Size (RW Data + ZI Data)           1098816 (1073.06kB)
    Total ROM Size (Code + RO Data + RW Data)      36712 (  35.85kB)

==============================================================================

